Archive member included because of file (symbol)

j:/dsdev/libnds/lib\libnds9.a(console.o)
                              arm9_main.o (consoleInitDefault)
j:/dsdev/libnds/lib\libnds9.a(keys.o)
                              arm9_main.o (keysHeld)
j:/dsdev/libnds/lib\libnds9.a(video.o)
                              arm9_main.o (vramSetBankA)
j:/dsdev/libnds/lib\libnds9.a(default_font.o)
                              j:/dsdev/libnds/lib\libnds9.a(console.o) (default_font_bin)
j:/dsdev/devkitarm/bin/../lib/gcc/arm-eabi/4.1.1/thumb\libgcc.a(_udivsi3.o)
                              arm9_main.o (__aeabi_uidiv)
j:/dsdev/devkitarm/bin/../lib/gcc/arm-eabi/4.1.1/thumb\libgcc.a(_divsi3.o)
                              arm9_main.o (__aeabi_idivmod)
j:/dsdev/devkitarm/bin/../lib/gcc/arm-eabi/4.1.1/thumb\libgcc.a(_dvmd_tls.o)
                              j:/dsdev/devkitarm/bin/../lib/gcc/arm-eabi/4.1.1/thumb\libgcc.a(_udivsi3.o) (__div0)
j:/dsdev/devkitarm/bin/../lib/gcc/arm-eabi/4.1.1/thumb\libgcc.a(_call_via_rX.o)
                              j:/dsdev/devkitarm/bin/../lib/gcc/arm-eabi/4.1.1/../../../../arm-eabi/lib/thumb/ds_arm9_crt0.o (_call_via_r3)
j:/dsdev/devkitarm/bin/../lib/gcc/arm-eabi/4.1.1/thumb\libgcc.a(_addsubsf3.o)
                              arm9_main.o (__aeabi_fadd)
j:/dsdev/devkitarm/bin/../lib/gcc/arm-eabi/4.1.1/thumb\libgcc.a(_muldivsf3.o)
                              arm9_main.o (__aeabi_fmul)
j:/dsdev/devkitarm/bin/../lib/gcc/arm-eabi/4.1.1/thumb\libgcc.a(_cmpsf2.o)
                              arm9_main.o (__aeabi_fcmpeq)
j:/dsdev/devkitarm/bin/../lib/gcc/arm-eabi/4.1.1/thumb\libgcc.a(_fixsfsi.o)
                              arm9_main.o (__aeabi_f2iz)
j:/dsdev/devkitarm/bin/../lib/gcc/arm-eabi/4.1.1/../../../../arm-eabi/lib/thumb\libg.a(lib_a-impure.o)
                              j:/dsdev/libnds/lib\libnds9.a(console.o) (_impure_ptr)
j:/dsdev/devkitarm/bin/../lib/gcc/arm-eabi/4.1.1/../../../../arm-eabi/lib/thumb\libg.a(lib_a-init.o)
                              j:/dsdev/devkitarm/bin/../lib/gcc/arm-eabi/4.1.1/../../../../arm-eabi/lib/thumb/ds_arm9_crt0.o (__libc_init_array)
j:/dsdev/devkitarm/bin/../lib/gcc/arm-eabi/4.1.1/../../../../arm-eabi/lib/thumb\libg.a(lib_a-iprintf.o)
                              j:/dsdev/libnds/lib\libnds9.a(console.o) (iprintf)
j:/dsdev/devkitarm/bin/../lib/gcc/arm-eabi/4.1.1/../../../../arm-eabi/lib/thumb\libg.a(lib_a-memcpy.o)
                              arm9_main.o (memcpy)
j:/dsdev/devkitarm/bin/../lib/gcc/arm-eabi/4.1.1/../../../../arm-eabi/lib/thumb\libg.a(lib_a-printf.o)
                              arm9_main.o (printf)
j:/dsdev/devkitarm/bin/../lib/gcc/arm-eabi/4.1.1/../../../../arm-eabi/lib/thumb\libg.a(lib_a-putchar.o)
                              arm9_main.o (putchar)
j:/dsdev/devkitarm/bin/../lib/gcc/arm-eabi/4.1.1/../../../../arm-eabi/lib/thumb\libg.a(lib_a-puts.o)
                              arm9_main.o (puts)
j:/dsdev/devkitarm/bin/../lib/gcc/arm-eabi/4.1.1/../../../../arm-eabi/lib/thumb\libg.a(lib_a-rand.o)
                              arm9_main.o (rand)
j:/dsdev/devkitarm/bin/../lib/gcc/arm-eabi/4.1.1/../../../../arm-eabi/lib/thumb\libg.a(lib_a-setvbuf.o)
                              j:/dsdev/libnds/lib\libnds9.a(console.o) (setvbuf)
j:/dsdev/devkitarm/bin/../lib/gcc/arm-eabi/4.1.1/../../../../arm-eabi/lib/thumb\libg.a(lib_a-siscanf.o)
                              j:/dsdev/libnds/lib\libnds9.a(console.o) (siscanf)
j:/dsdev/devkitarm/bin/../lib/gcc/arm-eabi/4.1.1/../../../../arm-eabi/lib/thumb\libg.a(lib_a-strlen.o)
                              j:/dsdev/devkitarm/bin/../lib/gcc/arm-eabi/4.1.1/../../../../arm-eabi/lib/thumb\libg.a(lib_a-puts.o) (strlen)
j:/dsdev/devkitarm/bin/../lib/gcc/arm-eabi/4.1.1/../../../../arm-eabi/lib/thumb\libg.a(lib_a-vfiprintf.o)
                              j:/dsdev/devkitarm/bin/../lib/gcc/arm-eabi/4.1.1/../../../../arm-eabi/lib/thumb\libg.a(lib_a-iprintf.o) (_vfiprintf_r)
j:/dsdev/devkitarm/bin/../lib/gcc/arm-eabi/4.1.1/../../../../arm-eabi/lib/thumb\libg.a(lib_a-vfiscanf.o)
                              j:/dsdev/devkitarm/bin/../lib/gcc/arm-eabi/4.1.1/../../../../arm-eabi/lib/thumb\libg.a(lib_a-siscanf.o) (__svfiscanf_r)
j:/dsdev/devkitarm/bin/../lib/gcc/arm-eabi/4.1.1/../../../../arm-eabi/lib/thumb\libg.a(lib_a-vfprintf.o)
                              j:/dsdev/devkitarm/bin/../lib/gcc/arm-eabi/4.1.1/../../../../arm-eabi/lib/thumb\libg.a(lib_a-printf.o) (_vfprintf_r)
j:/dsdev/devkitarm/bin/../lib/gcc/arm-eabi/4.1.1/../../../../arm-eabi/lib/thumb\libg.a(lib_a-wcrtomb.o)
                              j:/dsdev/devkitarm/bin/../lib/gcc/arm-eabi/4.1.1/../../../../arm-eabi/lib/thumb\libg.a(lib_a-vfiprintf.o) (_wcrtomb_r)
j:/dsdev/devkitarm/bin/../lib/gcc/arm-eabi/4.1.1/../../../../arm-eabi/lib/thumb\libg.a(lib_a-wcsrtombs.o)
                              j:/dsdev/devkitarm/bin/../lib/gcc/arm-eabi/4.1.1/../../../../arm-eabi/lib/thumb\libg.a(lib_a-vfiprintf.o) (_wcsrtombs_r)
[...]
Memory Configuration

Name             Origin             Length             Attributes
rom              0x08000000         0x02000000
ewram            0x02000000         0x003ff000
dtcm             0x0b000000         0x00004000
itcm             0x01000000         0x00008000
*default*        0x00000000         0xffffffff

Linker script and memory map

                0x01000000                __itcm_start = 0x1000000
                0x023ff000                __ewram_end = 0x23ff000
                0x023ff000                __eheap_end = 0x23ff000
                0x0b000000                __dtcm_start = 0xb000000
                0x0b004000                __dtcm_top = 0xb004000
                0x0b003ff8                __irq_flags = (__dtcm_top - 0x8)
                0x0b003ffc                __irq_vector = (__dtcm_top - 0x4)
                0x0b003f00                __sp_svc = (__dtcm_top - 0x100)
                0x0b003e00                __sp_irq = (__sp_svc - 0x100)
                0x0b003d00                __sp_usr = (__sp_irq - 0x100)

.init           0x02000000      0x22c
                0x02000000                __text_start = .
 *(.init)
 .init          0x02000000      0x220 j:/dsdev/devkitarm/bin/../lib/gcc/arm-eabi/4.1.1/../../../../arm-eabi/lib/thumb/ds_arm9_crt0.o
                0x02000000                _start
 .init          0x02000220        0x4 j:/dsdev/devkitarm/bin/../lib/gcc/arm-eabi/4.1.1/thumb/crti.o
                0x02000220                _init
 .init          0x02000224        0x8 j:/dsdev/devkitarm/bin/../lib/gcc/arm-eabi/4.1.1/thumb/crtn.o
                0x0200022c                . = ALIGN (0x4)

.plt
 *(.plt)

.text           0x02000230     0xa794
 *(EXCLUDE_FILE(*.itcm*) .text)
 .text          0x02000230        0x0 j:/dsdev/devkitarm/bin/../lib/gcc/arm-eabi/4.1.1/../../../../arm-eabi/lib/thumb/ds_arm9_crt0.o
 .text          0x02000230        0x0 j:/dsdev/devkitarm/bin/../lib/gcc/arm-eabi/4.1.1/thumb/crti.o
 .text          0x02000230       0x70 j:/dsdev/devkitarm/bin/../lib/gcc/arm-eabi/4.1.1/thumb/crtbegin.o
 .text          0x020002a0     0x12cc arm9_main.o
                0x02000320                absf(float)
                0x02000300                round(float)
                0x02000818                WriteStringSRAM(char*, int)
                0x020002a0                StartTicks()
                0x02000748                GetMatoPos()
                0x020006ec                CheckComplete()
                0x02000374                DrawPixel(int, int, int)
                0x020005e4                DrawMato()
                0x0200032c                DrawRect(int, int, int, int, unsigned short)
                0x020002bc                GetTicks()
                0x02000564                DrawMap(int, int)
                0x020004ec                DrawTile(int, int, int)
                0x020007f4                ResetUndo()
                0x02001220                main
                0x020002d0                Delay(unsigned int)
                0x020007b8                AddUndo(char, bool)
                0x02000394                DrawLine(int, int, int, int, int)
                0x02000890                CheckInput()
                0x02000874                WaitKey(int)
                0x02000844                ClearScreen()
                0x02001548                RandomInt(int, int)
                0x02000690                CopyMap(int)
                0x02000310                abs
 .text          0x0200156c      0x594 j:/dsdev/libnds/lib\libnds9.a(console.o)
                0x020018e8                con_write
                0x02001718                consoleInit
                0x020015d4                consolePrintChar
                0x02001704                consoleClear
                0x020018a0                consoleDemoInit
                0x0200187c                consoleInitDefault
 .text          0x02001b00      0x100 j:/dsdev/libnds/lib\libnds9.a(keys.o)
                0x02001b30                keysSetRepeat
                0x02001b20                keysDownRepeat
                0x02001b00                keysHeld
                0x02001b54                keysUp
                0x02001b0c                keysDown
                0x02001b6c                scanKeys
 .text          0x02001c00      0x110 j:/dsdev/libnds/lib\libnds9.a(video.o)
                0x02001cc0                vramSetBankF
                0x02001c50                vramRestoreMainBanks
                0x02001ce8                vramSetBankH
                0x02001c98                vramSetBankD
                0x02001cac                vramSetBankE
                0x02001cd4                vramSetBankG
                0x02001c44                vramRestorMainBanks
                0x02001c70                vramSetBankB
                0x02001c84                vramSetBankC
                0x02001cfc                vramSetBankI
                0x02001c00                vramSetMainBanks
                0x02001c5c                vramSetBankA
 .text          0x02001d10        0x0 j:/dsdev/libnds/lib\libnds9.a(default_font.o)
 .text          0x02001d10       0x8c j:/dsdev/devkitarm/bin/../lib/gcc/arm-eabi/4.1.1/thumb\libgcc.a(_udivsi3.o)
                0x02001d10                __udivsi3
                0x02001d10                __aeabi_uidiv
                0x02001d8c                __aeabi_uidivmod
 .text          0x02001d9c       0xa4 j:/dsdev/devkitarm/bin/../lib/gcc/arm-eabi/4.1.1/thumb\libgcc.a(_divsi3.o)
                0x02001d9c                __aeabi_idiv
                0x02001d9c                __divsi3
                0x02001e30                __aeabi_idivmod
 .text          0x02001e40        0x4 j:/dsdev/devkitarm/bin/../lib/gcc/arm-eabi/4.1.1/thumb\libgcc.a(_dvmd_tls.o)
                0x02001e40                __aeabi_ldiv0
                0x02001e40                __div0
                0x02001e40                __aeabi_idiv0
 .text          0x02001e44       0x3c j:/dsdev/devkitarm/bin/../lib/gcc/arm-eabi/4.1.1/thumb\libgcc.a(_call_via_rX.o)
                0x02001e4c                _call_via_r2
                0x02001e5c                _call_via_r6
                0x02001e58                _call_via_r5
                0x02001e50                _call_via_r3
                0x02001e70                _call_via_fp
                0x02001e64                _call_via_r8
                0x02001e60                _call_via_r7
                0x02001e44                _call_via_r0
                0x02001e6c                _call_via_sl
                0x02001e78                _call_via_sp
                0x02001e68                _call_via_r9
                0x02001e54                _call_via_r4
                0x02001e48                _call_via_r1
                0x02001e74                _call_via_ip
                0x02001e7c                _call_via_lr
 .text          0x02001e80      0x2ac j:/dsdev/devkitarm/bin/../lib/gcc/arm-eabi/4.1.1/thumb\libgcc.a(_addsubsf3.o)
                0x02001e8c                __aeabi_fadd
                0x02001e88                __subsf3
                0x02002050                __aeabi_i2f
                0x02001e88                __aeabi_fsub
                0x02002080                __floatdisf
                0x02002050                __floatsisf
                0x02002070                __floatundisf
                0x02002048                __aeabi_ui2f
                0x02002080                __aeabi_l2f
                0x02002070                __aeabi_ul2f
                0x02001e80                __aeabi_frsub
                0x02002048                __floatunsisf
                0x02001e8c                __addsf3
 .text          0x0200212c      0x2f8 j:/dsdev/devkitarm/bin/../lib/gcc/arm-eabi/4.1.1/thumb\libgcc.a(_muldivsf3.o)
                0x020022c4                __divsf3
                0x020022c4                __aeabi_fdiv
                0x0200212c                __mulsf3
                0x0200212c                __aeabi_fmul
 .text          0x02002424      0x110 j:/dsdev/devkitarm/bin/../lib/gcc/arm-eabi/4.1.1/thumb\libgcc.a(_cmpsf2.o)
                0x0200251c                __aeabi_fcmpgt
                0x0200242c                __lesf2
                0x02002434                __nesf2
                0x02002504                __aeabi_fcmpge
                0x02002424                __gtsf2
                0x020024ec                __aeabi_fcmple
                0x02002434                __eqsf2
                0x02002434                __cmpsf2
                0x0200242c                __ltsf2
                0x020024a4                __aeabi_cfcmple
                0x02002424                __gesf2
                0x020024bc                __aeabi_fcmpeq
                0x02002494                __aeabi_cfrcmple
                0x020024d4                __aeabi_fcmplt
                0x020024a4                __aeabi_cfcmpeq
 .text          0x02002534       0x5c j:/dsdev/devkitarm/bin/../lib/gcc/arm-eabi/4.1.1/thumb\libgcc.a(_fixsfsi.o)
                0x02002534                __fixsfsi
                0x02002534                __aeabi_f2iz
 .text          0x02002590        0x0 j:/dsdev/devkitarm/bin/../lib/gcc/arm-eabi/4.1.1/../../../../arm-eabi/lib/thumb\libg.a(lib_a-impure.o)
 .text          0x02002590       0x88 j:/dsdev/devkitarm/bin/../lib/gcc/arm-eabi/4.1.1/../../../../arm-eabi/lib/thumb\libg.a(lib_a-init.o)
                0x020025c0                __libc_init_array
                0x02002590                __libc_fini_array
 .text          0x02002618       0x40 j:/dsdev/devkitarm/bin/../lib/gcc/arm-eabi/4.1.1/../../../../arm-eabi/lib/thumb\libg.a(lib_a-iprintf.o)
                0x02002618                _iprintf_r
                0x02002634                iprintf
 .text          0x02002658       0x5c j:/dsdev/devkitarm/bin/../lib/gcc/arm-eabi/4.1.1/../../../../arm-eabi/lib/thumb\libg.a(lib_a-memcpy.o)
                0x02002658                memcpy
 .text          0x020026b4       0x40 j:/dsdev/devkitarm/bin/../lib/gcc/arm-eabi/4.1.1/../../../../arm-eabi/lib/thumb\libg.a(lib_a-printf.o)
                0x020026b4                printf
                0x020026d8                _printf_r
 .text          0x020026f4       0x2c j:/dsdev/devkitarm/bin/../lib/gcc/arm-eabi/4.1.1/../../../../arm-eabi/lib/thumb\libg.a(lib_a-putchar.o)
                0x020026f4                putchar
                0x02002710                _putchar_r
 .text          0x02002720       0x60 j:/dsdev/devkitarm/bin/../lib/gcc/arm-eabi/4.1.1/../../../../arm-eabi/lib/thumb\libg.a(lib_a-puts.o)
                0x02002720                _puts_r
                0x02002768                puts
 .text          0x02002780       0x58 j:/dsdev/devkitarm/bin/../lib/gcc/arm-eabi/4.1.1/../../../../arm-eabi/lib/thumb\libg.a(lib_a-rand.o)
                0x02002794                rand
                0x02002780                srand
 .text          0x020027d8      0x108 j:/dsdev/devkitarm/bin/../lib/gcc/arm-eabi/4.1.1/../../../../arm-eabi/lib/thumb\libg.a(lib_a-setvbuf.o)
                0x020027d8                setvbuf
 .text          0x020028e0       0xac j:/dsdev/devkitarm/bin/../lib/gcc/arm-eabi/4.1.1/../../../../arm-eabi/lib/thumb\libg.a(lib_a-siscanf.o)
                0x020028e4                _siscanf_r
                0x0200293c                siscanf
 .text          0x0200298c       0x50 j:/dsdev/devkitarm/bin/../lib/gcc/arm-eabi/4.1.1/../../../../arm-eabi/lib/thumb\libg.a(lib_a-strlen.o)
                0x0200298c                strlen
 .text          0x020029dc      0xcdc j:/dsdev/devkitarm/bin/../lib/gcc/arm-eabi/4.1.1/../../../../arm-eabi/lib/thumb\libg.a(lib_a-vfiprintf.o)
                0x02003694                vfiprintf
                0x020029fc                _vfiprintf_r
 .text          0x020036b8      0x9a0 j:/dsdev/devkitarm/bin/../lib/gcc/arm-eabi/4.1.1/../../../../arm-eabi/lib/thumb\libg.a(lib_a-vfiscanf.o)
                0x02003fec                _vfiscanf_r
                0x0200401c                vfiscanf
                0x020036b8                __svfiscanf_r
                0x02003fc8                __svfiscanf
 .text          0x02004058     0x1908 j:/dsdev/devkitarm/bin/../lib/gcc/arm-eabi/4.1.1/../../../../arm-eabi/lib/thumb\libg.a(lib_a-vfprintf.o)
                0x02004078                _vfprintf_r
                0x02005938                vfprintf
 .text          0x02005960       0x58 j:/dsdev/devkitarm/bin/../lib/gcc/arm-eabi/4.1.1/../../../../arm-eabi/lib/thumb\libg.a(lib_a-wcrtomb.o)
                0x02005960                _wcrtomb_r
                0x02005994                wcrtomb
 .text          0x020059b8      0x104 j:/dsdev/devkitarm/bin/../lib/gcc/arm-eabi/4.1.1/../../../../arm-eabi/lib/thumb\libg.a(lib_a-wcsrtombs.o)
                0x020059b8                _wcsrtombs_r
                0x02005a94                wcsrtombs
 .text          0x02005abc      0x2c8 j:/dsdev/devkitarm/bin/../lib/gcc/arm-eabi/4.1.1/../../../../arm-eabi/lib/thumb\libg.a(lib_a-wctomb_r.o)
                0x02005abc                _wctomb_r
 .text          0x02005d84       0xb0 j:/dsdev/devkitarm/bin/../lib/gcc/arm-eabi/4.1.1/../../../../arm-eabi/lib/thumb\libg.a(lib_a-wsetup.o)
                0x02005d84                __swsetup
 .text          0x02005e34        0x0 j:/dsdev/devkitarm/bin/../lib/gcc/arm-eabi/4.1.1/../../../../arm-eabi/lib/thumb\libg.a(lib_a-ctype_.o)
 *fill*         0x02005e34        0x4 ff
 .text          0x02005e38      0xf40 j:/dsdev/devkitarm/bin/../lib/gcc/arm-eabi/4.1.1/../../../../arm-eabi/lib/thumb\libg.a(lib_a-dtoa.o)
                0x02005f88                _dtoa_r
 .text          0x02006d78      0x10c j:/dsdev/devkitarm/bin/../lib/gcc/arm-eabi/4.1.1/../../../../arm-eabi/lib/thumb\libg.a(lib_a-fflush.o)
                0x02006d78                fflush
 .text          0x02006e84      0x1cc j:/dsdev/devkitarm/bin/../lib/gcc/arm-eabi/4.1.1/../../../../arm-eabi/lib/thumb\libg.a(lib_a-findfp.o)
                0x02006ecc                __sinit
                0x02006f94                __sfmoreglue
                0x02006f7c                _cleanup
                0x02006f68                _cleanup_r
                0x02006f4c                __fp_lock_all
                0x02006ebc                __sfp_lock_acquire
                0x02006fcc                __sfp
                0x02006ec8                __sinit_lock_release
                0x02006f30                __fp_unlock_all
                0x02006ec0                __sfp_lock_release
                0x02006ec4                __sinit_lock_acquire
 .text          0x02007050      0x170 j:/dsdev/devkitarm/bin/../lib/gcc/arm-eabi/4.1.1/../../../../arm-eabi/lib/thumb\libg.a(lib_a-fread.o)
                0x02007198                fread
                0x02007050                _fread_r
 .text          0x020071c0      0x270 j:/dsdev/devkitarm/bin/../lib/gcc/arm-eabi/4.1.1/../../../../arm-eabi/lib/thumb\libg.a(lib_a-freer.o)
                0x02007264                _free_r
                0x020071c0                _malloc_trim_r
 .text          0x02007430      0x2bc j:/dsdev/devkitarm/bin/../lib/gcc/arm-eabi/4.1.1/../../../../arm-eabi/lib/thumb\libg.a(lib_a-fvwrite.o)
                0x02007430                __sfvwrite_r
 .text          0x020076ec       0xd4 j:/dsdev/devkitarm/bin/../lib/gcc/arm-eabi/4.1.1/../../../../arm-eabi/lib/thumb\libg.a(lib_a-fwalk.o)
                0x02007758                _fwalk
                0x020076ec                _fwalk_reent
 .text          0x020077c0       0x20 j:/dsdev/devkitarm/bin/../lib/gcc/arm-eabi/4.1.1/../../../../arm-eabi/lib/thumb\libg.a(lib_a-iswspace.o)
                0x020077c0                iswspace
 .text          0x020077e0       0x90 j:/dsdev/devkitarm/bin/../lib/gcc/arm-eabi/4.1.1/../../../../arm-eabi/lib/thumb\libg.a(lib_a-locale.o)
                0x0200780c                _setlocale_r
                0x020077e0                __locale_charset
                0x020077ec                _localeconv_r
                0x02007854                setlocale
                0x020077f4                localeconv
 .text          0x02007870       0xe4 j:/dsdev/devkitarm/bin/../lib/gcc/arm-eabi/4.1.1/../../../../arm-eabi/lib/thumb\libg.a(lib_a-makebuf.o)
                0x02007870                __smakebuf
 .text          0x02007954       0x30 j:/dsdev/devkitarm/bin/../lib/gcc/arm-eabi/4.1.1/../../../../arm-eabi/lib/thumb\libg.a(lib_a-malloc.o)
                0x0200796c                malloc
                0x02007954                free
 .text          0x02007984      0x54c j:/dsdev/devkitarm/bin/../lib/gcc/arm-eabi/4.1.1/../../../../arm-eabi/lib/thumb\libg.a(lib_a-mallocr.o)
                0x02007984                _malloc_r
 .text          0x02007ed0       0x64 j:/dsdev/devkitarm/bin/../lib/gcc/arm-eabi/4.1.1/../../../../arm-eabi/lib/thumb\libg.a(lib_a-mbrtowc.o)
                0x02007f0c                mbrtowc
                0x02007ed0                _mbrtowc_r
 .text          0x02007f34       0x3c j:/dsdev/devkitarm/bin/../lib/gcc/arm-eabi/4.1.1/../../../../arm-eabi/lib/thumb\libg.a(lib_a-mbtowc_r.o)
                0x02007f34                _mbtowc_r
 .text          0x02007f70       0xb4 j:/dsdev/devkitarm/bin/../lib/gcc/arm-eabi/4.1.1/../../../../arm-eabi/lib/thumb\libg.a(lib_a-memchr.o)
                0x02007f70                memchr
 .text          0x02008024       0x84 j:/dsdev/devkitarm/bin/../lib/gcc/arm-eabi/4.1.1/../../../../arm-eabi/lib/thumb\libg.a(lib_a-memmove.o)
                0x02008024                memmove
 .text          0x020080a8       0x60 j:/dsdev/devkitarm/bin/../lib/gcc/arm-eabi/4.1.1/../../../../arm-eabi/lib/thumb\libg.a(lib_a-memset.o)
                0x020080a8                memset
 .text          0x02008108        0x8 j:/dsdev/devkitarm/bin/../lib/gcc/arm-eabi/4.1.1/../../../../arm-eabi/lib/thumb\libg.a(lib_a-mlock.o)
                0x0200810c                __malloc_unlock
                0x02008108                __malloc_lock
 .text          0x02008110      0x980 j:/dsdev/devkitarm/bin/../lib/gcc/arm-eabi/4.1.1/../../../../arm-eabi/lib/thumb\libg.a(lib_a-mprec.o)
                0x0200839c                _mprec_log10
                0x02008410                __any_on
                0x0200846c                _Balloc
                0x02008348                __ratio
                0x0200889c                __i2b
                0x02008280                __b2d
                0x020089ec                __s2b
                0x020081f0                __mcmp
                0x0200812c                __hi0bits
                0x02008950                __pow5mult
                0x0200869c                __lshift
                0x0200874c                __multiply
                0x020084cc                __d2b
                0x020083dc                __copybits
                0x02008230                __ulp
                0x020085b0                __mdiff
                0x02008180                __lo0bits
                0x020088b4                __multadd
                0x02008110                _Bfree
 .text          0x02008a90       0xd4 j:/dsdev/devkitarm/bin/../lib/gcc/arm-eabi/4.1.1/../../../../arm-eabi/lib/thumb\libg.a(lib_a-putc.o)
                0x02008afc                _putc_r
                0x02008a90                putc
 .text          0x02008b64      0x3d4 j:/dsdev/devkitarm/bin/../lib/gcc/arm-eabi/4.1.1/../../../../arm-eabi/lib/thumb\libg.a(lib_a-reallocr.o)
                0x02008b64                _realloc_r
 .text          0x02008f38      0x124 j:/dsdev/devkitarm/bin/../lib/gcc/arm-eabi/4.1.1/../../../../arm-eabi/lib/thumb\libg.a(lib_a-refill.o)
                0x02008f54                __srefill_r
 .text          0x0200905c       0x24 j:/dsdev/devkitarm/bin/../lib/gcc/arm-eabi/4.1.1/../../../../arm-eabi/lib/thumb\libg.a(lib_a-s_isinfd.o)
                0x0200905c                __isinfd
 .text          0x02009080       0x1c j:/dsdev/devkitarm/bin/../lib/gcc/arm-eabi/4.1.1/../../../../arm-eabi/lib/thumb\libg.a(lib_a-s_isnand.o)
                0x02009080                __isnand
 .text          0x0200909c       0x2c j:/dsdev/devkitarm/bin/../lib/gcc/arm-eabi/4.1.1/../../../../arm-eabi/lib/thumb\libg.a(lib_a-sbrkr.o)
                0x0200909c                _sbrk_r
 .text          0x020090c8       0x7c j:/dsdev/devkitarm/bin/../lib/gcc/arm-eabi/4.1.1/../../../../arm-eabi/lib/thumb\libg.a(lib_a-sccl.o)
                0x020090c8                __sccl
 .text          0x02009144       0xe0 j:/dsdev/devkitarm/bin/../lib/gcc/arm-eabi/4.1.1/../../../../arm-eabi/lib/thumb\libg.a(lib_a-stdio.o)
                0x02009160                __sseek
                0x020091e8                __sread
                0x02009144                __sclose
                0x020091a0                __swrite
 .text          0x02009224       0x68 j:/dsdev/devkitarm/bin/../lib/gcc/arm-eabi/4.1.1/../../../../arm-eabi/lib/thumb\libg.a(lib_a-strcmp.o)
                0x02009224                strcmp
 .text          0x0200928c      0x16c j:/dsdev/devkitarm/bin/../lib/gcc/arm-eabi/4.1.1/../../../../arm-eabi/lib/thumb\libg.a(lib_a-strtol.o)
                0x020093d4                strtol
                0x0200928c                _strtol_r
 .text          0x020093f8      0x170 j:/dsdev/devkitarm/bin/../lib/gcc/arm-eabi/4.1.1/../../../../arm-eabi/lib/thumb\libg.a(lib_a-strtoul.o)
                0x02009544                strtoul
                0x020093f8                _strtoul_r
 .text          0x02009568      0x170 j:/dsdev/devkitarm/bin/../lib/gcc/arm-eabi/4.1.1/../../../../arm-eabi/lib/thumb\libg.a(lib_a-ungetc.o)
                0x020096bc                ungetc
                0x02009568                __submore
                0x020095e4                _ungetc_r
 .text          0x020096d8       0xb8 j:/dsdev/devkitarm/bin/../lib/gcc/arm-eabi/4.1.1/../../../../arm-eabi/lib/thumb\libg.a(lib_a-wbuf.o)
                0x020096d8                __swbuf_r
                0x02009774                __swbuf
 .text          0x02009790       0x30 j:/dsdev/devkitarm/bin/../lib/gcc/arm-eabi/4.1.1/../../../../arm-eabi/lib/thumb\libg.a(lib_a-writer.o)
                0x02009790                _write_r
 .text          0x020097c0       0x60 j:/dsdev/devkitarm/bin/../lib/gcc/arm-eabi/4.1.1/../../../../arm-eabi/lib/thumb\libg.a(lib_a-callocr.o)
                0x020097c0                _calloc_r
 .text          0x02009820       0x2c j:/dsdev/devkitarm/bin/../lib/gcc/arm-eabi/4.1.1/../../../../arm-eabi/lib/thumb\libg.a(lib_a-closer.o)
                0x02009820                _close_r
 .text          0x0200984c       0xc4 j:/dsdev/devkitarm/bin/../lib/gcc/arm-eabi/4.1.1/../../../../arm-eabi/lib/thumb\libg.a(lib_a-fclose.o)
                0x0200984c                _fclose_r
                0x020098f4                fclose
 .text          0x02009910       0x30 j:/dsdev/devkitarm/bin/../lib/gcc/arm-eabi/4.1.1/../../../../arm-eabi/lib/thumb\libg.a(lib_a-fstatr.o)
                0x02009910                _fstat_r
 .text          0x02009940       0x30 j:/dsdev/devkitarm/bin/../lib/gcc/arm-eabi/4.1.1/../../../../arm-eabi/lib/thumb\libg.a(lib_a-lseekr.o)
                0x02009940                _lseek_r
 .text          0x02009970       0x30 j:/dsdev/devkitarm/bin/../lib/gcc/arm-eabi/4.1.1/../../../../arm-eabi/lib/thumb\libg.a(lib_a-readr.o)
                0x02009970                _read_r
 .text          0x020099a0      0x118 j:/dsdev/devkitarm/bin/../lib/gcc/arm-eabi/4.1.1/../../../../arm-eabi/lib/thumb\libg.a(lib_a-reent.o)
                0x020099f0                cleanup_glue
                0x02009a14                _reclaim_reent
                0x020099a0                _wrapup_reent
 .text          0x02009ab8      0x41c j:/dsdev/devkitarm/bin/../lib/gcc/arm-eabi/4.1.1/thumb\libgcc.a(_addsubdf3.o)
                0x02009e74                __floatdidf
                0x02009df8                __floatsidf
                0x02009dd4                __aeabi_ui2d
                0x02009ab8                __aeabi_drsub
                0x02009e20                __extendsfdf2
                0x02009ac4                __adddf3
                0x02009dd4                __floatunsidf
                0x02009ac4                __aeabi_dadd
                0x02009e60                __aeabi_ul2d
                0x02009ac0                __aeabi_dsub
                0x02009e60                __floatundidf
                0x02009df8                __aeabi_i2d
                0x02009e74                __aeabi_l2d
                0x02009e20                __aeabi_f2d
                0x02009ac0                __subdf3
 .text          0x02009ed4      0x49c j:/dsdev/devkitarm/bin/../lib/gcc/arm-eabi/4.1.1/thumb\libgcc.a(_muldivdf3.o)
                0x0200a164                __aeabi_ddiv
                0x02009ed4                __aeabi_dmul
                0x0200a164                __divdf3
                0x02009ed4                __muldf3
 .text          0x0200a370      0x140 j:/dsdev/devkitarm/bin/../lib/gcc/arm-eabi/4.1.1/thumb\libgcc.a(_cmpdf2.o)
                0x0200a468                __aeabi_dcmple
                0x0200a380                __cmpdf2
                0x0200a380                __eqdf2
                0x0200a370                __gtdf2
                0x0200a420                __aeabi_cdcmple
                0x0200a404                __aeabi_cdrcmple
                0x0200a378                __ltdf2
                0x0200a450                __aeabi_dcmplt
                0x0200a378                __ledf2
                0x0200a498                __aeabi_dcmpgt
                0x0200a480                __aeabi_dcmpge
                0x0200a380                __nedf2
                0x0200a438                __aeabi_dcmpeq
                0x0200a420                __aeabi_cdcmpeq
                0x0200a370                __gedf2
 .text          0x0200a4b0       0x5c j:/dsdev/devkitarm/bin/../lib/gcc/arm-eabi/4.1.1/thumb\libgcc.a(_fixdfsi.o)
                0x0200a4b0                __fixdfsi
                0x0200a4b0                __aeabi_d2iz
 .text          0x0200a50c       0x84 j:/dsdev/devkitarm/bin/../lib/gcc/arm-eabi/4.1.1/thumb\libgcc.a(_muldi3.o)
                0x0200a50c                __aeabi_lmul
                0x0200a50c                __muldi3
 .text          0x0200a590      0x120 j:/dsdev/devkitarm/bin/../lib/gcc/arm-eabi/4.1.1/../../../../arm-eabi/lib/thumb\libsysbase.a(iosupport.o)
                0x0200a684                RemoveDevice
                0x0200a590                setDefaultDevice
                0x0200a5a4                AddDevice
                0x0200a61c                FindDevice
 .text          0x0200a6b0       0x4c j:/dsdev/devkitarm/bin/../lib/gcc/arm-eabi/4.1.1/../../../../arm-eabi/lib/thumb\libsysbase.a(close.o)
                0x0200a6b0                _close
 .text          0x0200a6fc       0x50 j:/dsdev/devkitarm/bin/../lib/gcc/arm-eabi/4.1.1/../../../../arm-eabi/lib/thumb\libsysbase.a(fstat.o)
                0x0200a6fc                _fstat
 .text          0x0200a74c        0x4 j:/dsdev/devkitarm/bin/../lib/gcc/arm-eabi/4.1.1/../../../../arm-eabi/lib/thumb\libsysbase.a(isatty.o)
                0x0200a74c                isatty
 .text          0x0200a750       0x38 j:/dsdev/devkitarm/bin/../lib/gcc/arm-eabi/4.1.1/../../../../arm-eabi/lib/thumb\libsysbase.a(lseek.o)
                0x0200a750                _lseek
 .text          0x0200a788       0x54 j:/dsdev/devkitarm/bin/../lib/gcc/arm-eabi/4.1.1/../../../../arm-eabi/lib/thumb\libsysbase.a(read.o)
                0x0200a788                _read
 .text          0x0200a7dc       0x64 j:/dsdev/devkitarm/bin/../lib/gcc/arm-eabi/4.1.1/../../../../arm-eabi/lib/thumb\libsysbase.a(sbrk.o)
                0x0200a7dc                _sbrk
 .text          0x0200a840       0x54 j:/dsdev/devkitarm/bin/../lib/gcc/arm-eabi/4.1.1/../../../../arm-eabi/lib/thumb\libsysbase.a(write.o)
                0x0200a840                _write
 .text          0x0200a894        0x0 j:/dsdev/devkitarm/bin/../lib/gcc/arm-eabi/4.1.1/../../../../arm-eabi/lib/thumb\libsysbase.a(malloc_vars.o)
 .text          0x0200a894       0x94 j:/dsdev/devkitarm/bin/../lib/gcc/arm-eabi/4.1.1/../../../../arm-eabi/lib/thumb\libc.a(lib_a-strncmp.o)
                0x0200a894                strncmp
 .text          0x0200a928        0x0 j:/dsdev/devkitarm/bin/../lib/gcc/arm-eabi/4.1.1/thumb/crtend.o
 .text          0x0200a928        0x0 j:/dsdev/devkitarm/bin/../lib/gcc/arm-eabi/4.1.1/thumb/crtn.o
 *(.text.*)
 *(.stub)
 *(.gnu.warning)
 *(.gnu.linkonce.t*)
 *(.glue_7)
 .glue_7        0x0200a928        0x0 j:/dsdev/devkitarm/bin/../lib/gcc/arm-eabi/4.1.1/../../../../arm-eabi/lib/thumb/ds_arm9_crt0.o
 .glue_7        0x0200a928        0x0 j:/dsdev/devkitarm/bin/../lib/gcc/arm-eabi/4.1.1/thumb/crti.o
 .glue_7        0x0200a928        0x0 j:/dsdev/devkitarm/bin/../lib/gcc/arm-eabi/4.1.1/thumb/crtbegin.o
 .glue_7        0x0200a928        0x0 arm9_main.o
 .glue_7        0x0200a928        0x0 j:/dsdev/libnds/lib\libnds9.a(console.o)
 .glue_7        0x0200a928        0x0 j:/dsdev/libnds/lib\libnds9.a(keys.o)
 .glue_7        0x0200a928        0x0 j:/dsdev/libnds/lib\libnds9.a(video.o)
 .glue_7        0x0200a928        0x0 j:/dsdev/libnds/lib\libnds9.a(default_font.o)
 .glue_7        0x0200a928        0x0 j:/dsdev/devkitarm/bin/../lib/gcc/arm-eabi/4.1.1/thumb\libgcc.a(_udivsi3.o)
 .glue_7        0x0200a928        0x0 j:/dsdev/devkitarm/bin/../lib/gcc/arm-eabi/4.1.1/thumb\libgcc.a(_divsi3.o)
 .glue_7        0x0200a928        0x0 j:/dsdev/devkitarm/bin/../lib/gcc/arm-eabi/4.1.1/thumb\libgcc.a(_dvmd_tls.o)
 .glue_7        0x0200a928        0x0 j:/dsdev/devkitarm/bin/../lib/gcc/arm-eabi/4.1.1/thumb\libgcc.a(_call_via_rX.o)
 .glue_7        0x0200a928        0x0 j:/dsdev/devkitarm/bin/../lib/gcc/arm-eabi/4.1.1/thumb\libgcc.a(_addsubsf3.o)
 .glue_7        0x0200a928        0x0 j:/dsdev/devkitarm/bin/../lib/gcc/arm-eabi/4.1.1/thumb\libgcc.a(_muldivsf3.o)
 .glue_7        0x0200a928        0x0 j:/dsdev/devkitarm/bin/../lib/gcc/arm-eabi/4.1.1/thumb\libgcc.a(_cmpsf2.o)
 .glue_7        0x0200a928        0x0 j:/dsdev/devkitarm/bin/../lib/gcc/arm-eabi/4.1.1/thumb\libgcc.a(_fixsfsi.o)
 .glue_7        0x0200a928        0x0 j:/dsdev/devkitarm/bin/../lib/gcc/arm-eabi/4.1.1/../../../../arm-eabi/lib/thumb\libg.a(lib_a-impure.o)
 .glue_7        0x0200a928        0x0 j:/dsdev/devkitarm/bin/../lib/gcc/arm-eabi/4.1.1/../../../../arm-eabi/lib/thumb\libg.a(lib_a-init.o)
 .glue_7        0x0200a928        0x0 j:/dsdev/devkitarm/bin/../lib/gcc/arm-eabi/4.1.1/../../../../arm-eabi/lib/thumb\libg.a(lib_a-iprintf.o)
 .glue_7        0x0200a928        0x0 j:/dsdev/devkitarm/bin/../lib/gcc/arm-eabi/4.1.1/../../../../arm-eabi/lib/thumb\libg.a(lib_a-memcpy.o)
 .glue_7        0x0200a928        0x0 j:/dsdev/devkitarm/bin/../lib/gcc/arm-eabi/4.1.1/../../../../arm-eabi/lib/thumb\libg.a(lib_a-printf.o)
 .glue_7        0x0200a928        0x0 j:/dsdev/devkitarm/bin/../lib/gcc/arm-eabi/4.1.1/../../../../arm-eabi/lib/thumb\libg.a(lib_a-putchar.o)
 .glue_7        0x0200a928        0x0 j:/dsdev/devkitarm/bin/../lib/gcc/arm-eabi/4.1.1/../../../../arm-eabi/lib/thumb\libg.a(lib_a-puts.o)
 .glue_7        0x0200a928        0x0 j:/dsdev/devkitarm/bin/../lib/gcc/arm-eabi/4.1.1/../../../../arm-eabi/lib/thumb\libg.a(lib_a-rand.o)
 .glue_7        0x0200a928        0x0 j:/dsdev/devkitarm/bin/../lib/gcc/arm-eabi/4.1.1/../../../../arm-eabi/lib/thumb\libg.a(lib_a-setvbuf.o)
 .glue_7        0x0200a928        0x0 j:/dsdev/devkitarm/bin/../lib/gcc/arm-eabi/4.1.1/../../../../arm-eabi/lib/thumb\libg.a(lib_a-siscanf.o)
 .glue_7        0x0200a928        0x0 j:/dsdev/devkitarm/bin/../lib/gcc/arm-eabi/4.1.1/../../../../arm-eabi/lib/thumb\libg.a(lib_a-strlen.o)
 .glue_7        0x0200a928        0x0 j:/dsdev/devkitarm/bin/../lib/gcc/arm-eabi/4.1.1/../../../../arm-eabi/lib/thumb\libg.a(lib_a-vfiprintf.o)
 .glue_7        0x0200a928        0x0 j:/dsdev/devkitarm/bin/../lib/gcc/arm-eabi/4.1.1/../../../../arm-eabi/lib/thumb\libg.a(lib_a-vfiscanf.o)
 .glue_7        0x0200a928        0x0 j:/dsdev/devkitarm/bin/../lib/gcc/arm-eabi/4.1.1/../../../../arm-eabi/lib/thumb\libg.a(lib_a-vfprintf.o)
 .glue_7        0x0200a928        0x0 j:/dsdev/devkitarm/bin/../lib/gcc/arm-eabi/4.1.1/../../../../arm-eabi/lib/thumb\libg.a(lib_a-wcrtomb.o)
 .glue_7        0x0200a928        0x0 j:/dsdev/devkitarm/bin/../lib/gcc/arm-eabi/4.1.1/../../../../arm-eabi/lib/thumb\libg.a(lib_a-wcsrtombs.o)
 .glue_7        0x0200a928        0x0 j:/dsdev/devkitarm/bin/../lib/gcc/arm-eabi/4.1.1/../../../../arm-eabi/lib/thumb\libg.a(lib_a-wctomb_r.o)
 .glue_7        0x0200a928        0x0 j:/dsdev/devkitarm/bin/../lib/gcc/arm-eabi/4.1.1/../../../../arm-eabi/lib/thumb\libg.a(lib_a-wsetup.o)
 .glue_7        0x0200a928        0x0 j:/dsdev/devkitarm/bin/../lib/gcc/arm-eabi/4.1.1/../../../../arm-eabi/lib/thumb\libg.a(lib_a-ctype_.o)
 .glue_7        0x0200a928        0x0 j:/dsdev/devkitarm/bin/../lib/gcc/arm-eabi/4.1.1/../../../../arm-eabi/lib/thumb\libg.a(lib_a-dtoa.o)
 .glue_7        0x0200a928        0x0 j:/dsdev/devkitarm/bin/../lib/gcc/arm-eabi/4.1.1/../../../../arm-eabi/lib/thumb\libg.a(lib_a-fflush.o)
 .glue_7        0x0200a928        0x0 j:/dsdev/devkitarm/bin/../lib/gcc/arm-eabi/4.1.1/../../../../arm-eabi/lib/thumb\libg.a(lib_a-findfp.o)
 .glue_7        0x0200a928        0x0 j:/dsdev/devkitarm/bin/../lib/gcc/arm-eabi/4.1.1/../../../../arm-eabi/lib/thumb\libg.a(lib_a-fread.o)
 .glue_7        0x0200a928        0x0 j:/dsdev/devkitarm/bin/../lib/gcc/arm-eabi/4.1.1/../../../../arm-eabi/lib/thumb\libg.a(lib_a-freer.o)
 .glue_7        0x0200a928        0x0 j:/dsdev/devkitarm/bin/../lib/gcc/arm-eabi/4.1.1/../../../../arm-eabi/lib/thumb\libg.a(lib_a-fvwrite.o)
 .glue_7        0x0200a928        0x0 j:/dsdev/devkitarm/bin/../lib/gcc/arm-eabi/4.1.1/../../../../arm-eabi/lib/thumb\libg.a(lib_a-fwalk.o)
 .glue_7        0x0200a928        0x0 j:/dsdev/devkitarm/bin/../lib/gcc/arm-eabi/4.1.1/../../../../arm-eabi/lib/thumb\libg.a(lib_a-iswspace.o)
 .glue_7        0x0200a928        0x0 j:/dsdev/devkitarm/bin/../lib/gcc/arm-eabi/4.1.1/../../../../arm-eabi/lib/thumb\libg.a(lib_a-locale.o)
 .glue_7        0x0200a928        0x0 j:/dsdev/devkitarm/bin/../lib/gcc/arm-eabi/4.1.1/../../../../arm-eabi/lib/thumb\libg.a(lib_a-makebuf.o)
 .glue_7        0x0200a928        0x0 j:/dsdev/devkitarm/bin/../lib/gcc/arm-eabi/4.1.1/../../../../arm-eabi/lib/thumb\libg.a(lib_a-malloc.o)
 .glue_7        0x0200a928        0x0 j:/dsdev/devkitarm/bin/../lib/gcc/arm-eabi/4.1.1/../../../../arm-eabi/lib/thumb\libg.a(lib_a-mallocr.o)
 .glue_7        0x0200a928        0x0 j:/dsdev/devkitarm/bin/../lib/gcc/arm-eabi/4.1.1/../../../../arm-eabi/lib/thumb\libg.a(lib_a-mbrtowc.o)
 .glue_7        0x0200a928        0x0 j:/dsdev/devkitarm/bin/../lib/gcc/arm-eabi/4.1.1/../../../../arm-eabi/lib/thumb\libg.a(lib_a-mbtowc_r.o)
 .glue_7        0x0200a928        0x0 j:/dsdev/devkitarm/bin/../lib/gcc/arm-eabi/4.1.1/../../../../arm-eabi/lib/thumb\libg.a(lib_a-memchr.o)
 .glue_7        0x0200a928        0x0 j:/dsdev/devkitarm/bin/../lib/gcc/arm-eabi/4.1.1/../../../../arm-eabi/lib/thumb\libg.a(lib_a-memmove.o)
 .glue_7        0x0200a928        0x0 j:/dsdev/devkitarm/bin/../lib/gcc/arm-eabi/4.1.1/../../../../arm-eabi/lib/thumb\libg.a(lib_a-memset.o)
 .glue_7        0x0200a928        0x0 j:/dsdev/devkitarm/bin/../lib/gcc/arm-eabi/4.1.1/../../../../arm-eabi/lib/thumb\libg.a(lib_a-mlock.o)
 .glue_7        0x0200a928        0x0 j:/dsdev/devkitarm/bin/../lib/gcc/arm-eabi/4.1.1/../../../../arm-eabi/lib/thumb\libg.a(lib_a-mprec.o)
 .glue_7        0x0200a928        0x0 j:/dsdev/devkitarm/bin/../lib/gcc/arm-eabi/4.1.1/../../../../arm-eabi/lib/thumb\libg.a(lib_a-putc.o)
 .glue_7        0x0200a928        0x0 j:/dsdev/devkitarm/bin/../lib/gcc/arm-eabi/4.1.1/../../../../arm-eabi/lib/thumb\libg.a(lib_a-reallocr.o)
 .glue_7        0x0200a928        0x0 j:/dsdev/devkitarm/bin/../lib/gcc/arm-eabi/4.1.1/../../../../arm-eabi/lib/thumb\libg.a(lib_a-refill.o)
 .glue_7        0x0200a928        0x0 j:/dsdev/devkitarm/bin/../lib/gcc/arm-eabi/4.1.1/../../../../arm-eabi/lib/thumb\libg.a(lib_a-s_isinfd.o)
 .glue_7        0x0200a928        0x0 j:/dsdev/devkitarm/bin/../lib/gcc/arm-eabi/4.1.1/../../../../arm-eabi/lib/thumb\libg.a(lib_a-s_isnand.o)
 .glue_7        0x0200a928        0x0 j:/dsdev/devkitarm/bin/../lib/gcc/arm-eabi/4.1.1/../../../../arm-eabi/lib/thumb\libg.a(lib_a-sbrkr.o)
 .glue_7        0x0200a928        0x0 j:/dsdev/devkitarm/bin/../lib/gcc/arm-eabi/4.1.1/../../../../arm-eabi/lib/thumb\libg.a(lib_a-sccl.o)
 .glue_7        0x0200a928        0x0 j:/dsdev/devkitarm/bin/../lib/gcc/arm-eabi/4.1.1/../../../../arm-eabi/lib/thumb\libg.a(lib_a-stdio.o)
 .glue_7        0x0200a928        0x0 j:/dsdev/devkitarm/bin/../lib/gcc/arm-eabi/4.1.1/../../../../arm-eabi/lib/thumb\libg.a(lib_a-strcmp.o)
 .glue_7        0x0200a928        0x0 j:/dsdev/devkitarm/bin/../lib/gcc/arm-eabi/4.1.1/../../../../arm-eabi/lib/thumb\libg.a(lib_a-strtol.o)
 .glue_7        0x0200a928        0x0 j:/dsdev/devkitarm/bin/../lib/gcc/arm-eabi/4.1.1/../../../../arm-eabi/lib/thumb\libg.a(lib_a-strtoul.o)
 .glue_7        0x0200a928        0x0 j:/dsdev/devkitarm/bin/../lib/gcc/arm-eabi/4.1.1/../../../../arm-eabi/lib/thumb\libg.a(lib_a-ungetc.o)
 .glue_7        0x0200a928        0x0 j:/dsdev/devkitarm/bin/../lib/gcc/arm-eabi/4.1.1/../../../../arm-eabi/lib/thumb\libg.a(lib_a-wbuf.o)
 .glue_7        0x0200a928        0x0 j:/dsdev/devkitarm/bin/../lib/gcc/arm-eabi/4.1.1/../../../../arm-eabi/lib/thumb\libg.a(lib_a-writer.o)
 .glue_7        0x0200a928        0x0 j:/dsdev/devkitarm/bin/../lib/gcc/arm-eabi/4.1.1/../../../../arm-eabi/lib/thumb\libg.a(lib_a-callocr.o)
 .glue_7        0x0200a928        0x0 j:/dsdev/devkitarm/bin/../lib/gcc/arm-eabi/4.1.1/../../../../arm-eabi/lib/thumb\libg.a(lib_a-closer.o)
 .glue_7        0x0200a928        0x0 j:/dsdev/devkitarm/bin/../lib/gcc/arm-eabi/4.1.1/../../../../arm-eabi/lib/thumb\libg.a(lib_a-fclose.o)
 .glue_7        0x0200a928        0x0 j:/dsdev/devkitarm/bin/../lib/gcc/arm-eabi/4.1.1/../../../../arm-eabi/lib/thumb\libg.a(lib_a-fstatr.o)
 .glue_7        0x0200a928        0x0 j:/dsdev/devkitarm/bin/../lib/gcc/arm-eabi/4.1.1/../../../../arm-eabi/lib/thumb\libg.a(lib_a-lseekr.o)
 .glue_7        0x0200a928        0x0 j:/dsdev/devkitarm/bin/../lib/gcc/arm-eabi/4.1.1/../../../../arm-eabi/lib/thumb\libg.a(lib_a-readr.o)
 .glue_7        0x0200a928        0x0 j:/dsdev/devkitarm/bin/../lib/gcc/arm-eabi/4.1.1/../../../../arm-eabi/lib/thumb\libg.a(lib_a-reent.o)
 .glue_7        0x0200a928        0x0 j:/dsdev/devkitarm/bin/../lib/gcc/arm-eabi/4.1.1/thumb\libgcc.a(_addsubdf3.o)
 .glue_7        0x0200a928        0x0 j:/dsdev/devkitarm/bin/../lib/gcc/arm-eabi/4.1.1/thumb\libgcc.a(_muldivdf3.o)
 .glue_7        0x0200a928        0x0 j:/dsdev/devkitarm/bin/../lib/gcc/arm-eabi/4.1.1/thumb\libgcc.a(_cmpdf2.o)
 .glue_7        0x0200a928        0x0 j:/dsdev/devkitarm/bin/../lib/gcc/arm-eabi/4.1.1/thumb\libgcc.a(_fixdfsi.o)
 .glue_7        0x0200a928        0x0 j:/dsdev/devkitarm/bin/../lib/gcc/arm-eabi/4.1.1/thumb\libgcc.a(_muldi3.o)
 .glue_7        0x0200a928        0x0 j:/dsdev/devkitarm/bin/../lib/gcc/arm-eabi/4.1.1/../../../../arm-eabi/lib/thumb\libsysbase.a(iosupport.o)
 .glue_7        0x0200a928        0x0 j:/dsdev/devkitarm/bin/../lib/gcc/arm-eabi/4.1.1/../../../../arm-eabi/lib/thumb\libsysbase.a(close.o)
 .glue_7        0x0200a928        0x0 j:/dsdev/devkitarm/bin/../lib/gcc/arm-eabi/4.1.1/../../../../arm-eabi/lib/thumb\libsysbase.a(fstat.o)
 .glue_7        0x0200a928        0x0 j:/dsdev/devkitarm/bin/../lib/gcc/arm-eabi/4.1.1/../../../../arm-eabi/lib/thumb\libsysbase.a(isatty.o)
 .glue_7        0x0200a928        0x0 j:/dsdev/devkitarm/bin/../lib/gcc/arm-eabi/4.1.1/../../../../arm-eabi/lib/thumb\libsysbase.a(lseek.o)
 .glue_7        0x0200a928        0x0 j:/dsdev/devkitarm/bin/../lib/gcc/arm-eabi/4.1.1/../../../../arm-eabi/lib/thumb\libsysbase.a(read.o)
 .glue_7        0x0200a928        0x0 j:/dsdev/devkitarm/bin/../lib/gcc/arm-eabi/4.1.1/../../../../arm-eabi/lib/thumb\libsysbase.a(sbrk.o)
 .glue_7        0x0200a928        0x0 j:/dsdev/devkitarm/bin/../lib/gcc/arm-eabi/4.1.1/../../../../arm-eabi/lib/thumb\libsysbase.a(write.o)
 .glue_7        0x0200a928        0x0 j:/dsdev/devkitarm/bin/../lib/gcc/arm-eabi/4.1.1/../../../../arm-eabi/lib/thumb\libsysbase.a(malloc_vars.o)
 .glue_7        0x0200a928        0x0 j:/dsdev/devkitarm/bin/../lib/gcc/arm-eabi/4.1.1/../../../../arm-eabi/lib/thumb\libc.a(lib_a-strncmp.o)
 .glue_7        0x0200a928        0xc j:/dsdev/devkitarm/bin/../lib/gcc/arm-eabi/4.1.1/thumb/crtend.o
                0x0200a928                ___call_via_r3_from_arm
 .glue_7        0x0200a934        0x0 j:/dsdev/devkitarm/bin/../lib/gcc/arm-eabi/4.1.1/thumb/crtn.o
 *(.glue_7t)
 .glue_7t       0x0200a934        0x0 j:/dsdev/devkitarm/bin/../lib/gcc/arm-eabi/4.1.1/../../../../arm-eabi/lib/thumb/ds_arm9_crt0.o
 .glue_7t       0x0200a934        0x0 j:/dsdev/devkitarm/bin/../lib/gcc/arm-eabi/4.1.1/thumb/crti.o
 .glue_7t       0x0200a934        0x0 j:/dsdev/devkitarm/bin/../lib/gcc/arm-eabi/4.1.1/thumb/crtbegin.o
 .glue_7t       0x0200a934        0x0 arm9_main.o
 .glue_7t       0x0200a934        0x0 j:/dsdev/libnds/lib\libnds9.a(console.o)
 .glue_7t       0x0200a934        0x0 j:/dsdev/libnds/lib\libnds9.a(keys.o)
 .glue_7t       0x0200a934        0x0 j:/dsdev/libnds/lib\libnds9.a(video.o)
 .glue_7t       0x0200a934        0x0 j:/dsdev/libnds/lib\libnds9.a(default_font.o)
 .glue_7t       0x0200a934        0x0 j:/dsdev/devkitarm/bin/../lib/gcc/arm-eabi/4.1.1/thumb\libgcc.a(_udivsi3.o)
 .glue_7t       0x0200a934        0x0 j:/dsdev/devkitarm/bin/../lib/gcc/arm-eabi/4.1.1/thumb\libgcc.a(_divsi3.o)
 .glue_7t       0x0200a934        0x0 j:/dsdev/devkitarm/bin/../lib/gcc/arm-eabi/4.1.1/thumb\libgcc.a(_dvmd_tls.o)
 .glue_7t       0x0200a934        0x0 j:/dsdev/devkitarm/bin/../lib/gcc/arm-eabi/4.1.1/thumb\libgcc.a(_call_via_rX.o)
 .glue_7t       0x0200a934        0x0 j:/dsdev/devkitarm/bin/../lib/gcc/arm-eabi/4.1.1/thumb\libgcc.a(_addsubsf3.o)
 .glue_7t       0x0200a934        0x0 j:/dsdev/devkitarm/bin/../lib/gcc/arm-eabi/4.1.1/thumb\libgcc.a(_muldivsf3.o)
 .glue_7t       0x0200a934        0x0 j:/dsdev/devkitarm/bin/../lib/gcc/arm-eabi/4.1.1/thumb\libgcc.a(_cmpsf2.o)
 .glue_7t       0x0200a934        0x0 j:/dsdev/devkitarm/bin/../lib/gcc/arm-eabi/4.1.1/thumb\libgcc.a(_fixsfsi.o)
 .glue_7t       0x0200a934        0x0 j:/dsdev/devkitarm/bin/../lib/gcc/arm-eabi/4.1.1/../../../../arm-eabi/lib/thumb\libg.a(lib_a-impure.o)
 .glue_7t       0x0200a934        0x0 j:/dsdev/devkitarm/bin/../lib/gcc/arm-eabi/4.1.1/../../../../arm-eabi/lib/thumb\libg.a(lib_a-init.o)
 .glue_7t       0x0200a934        0x0 j:/dsdev/devkitarm/bin/../lib/gcc/arm-eabi/4.1.1/../../../../arm-eabi/lib/thumb\libg.a(lib_a-iprintf.o)
 .glue_7t       0x0200a934        0x0 j:/dsdev/devkitarm/bin/../lib/gcc/arm-eabi/4.1.1/../../../../arm-eabi/lib/thumb\libg.a(lib_a-memcpy.o)
 .glue_7t       0x0200a934        0x0 j:/dsdev/devkitarm/bin/../lib/gcc/arm-eabi/4.1.1/../../../../arm-eabi/lib/thumb\libg.a(lib_a-printf.o)
 .glue_7t       0x0200a934        0x0 j:/dsdev/devkitarm/bin/../lib/gcc/arm-eabi/4.1.1/../../../../arm-eabi/lib/thumb\libg.a(lib_a-putchar.o)
 .glue_7t       0x0200a934        0x0 j:/dsdev/devkitarm/bin/../lib/gcc/arm-eabi/4.1.1/../../../../arm-eabi/lib/thumb\libg.a(lib_a-puts.o)
 .glue_7t       0x0200a934        0x0 j:/dsdev/devkitarm/bin/../lib/gcc/arm-eabi/4.1.1/../../../../arm-eabi/lib/thumb\libg.a(lib_a-rand.o)
 .glue_7t       0x0200a934        0x0 j:/dsdev/devkitarm/bin/../lib/gcc/arm-eabi/4.1.1/../../../../arm-eabi/lib/thumb\libg.a(lib_a-setvbuf.o)
 .glue_7t       0x0200a934        0x0 j:/dsdev/devkitarm/bin/../lib/gcc/arm-eabi/4.1.1/../../../../arm-eabi/lib/thumb\libg.a(lib_a-siscanf.o)
 .glue_7t       0x0200a934        0x0 j:/dsdev/devkitarm/bin/../lib/gcc/arm-eabi/4.1.1/../../../../arm-eabi/lib/thumb\libg.a(lib_a-strlen.o)
 .glue_7t       0x0200a934        0x0 j:/dsdev/devkitarm/bin/../lib/gcc/arm-eabi/4.1.1/../../../../arm-eabi/lib/thumb\libg.a(lib_a-vfiprintf.o)
 .glue_7t       0x0200a934        0x0 j:/dsdev/devkitarm/bin/../lib/gcc/arm-eabi/4.1.1/../../../../arm-eabi/lib/thumb\libg.a(lib_a-vfiscanf.o)
 .glue_7t       0x0200a934        0x0 j:/dsdev/devkitarm/bin/../lib/gcc/arm-eabi/4.1.1/../../../../arm-eabi/lib/thumb\libg.a(lib_a-vfprintf.o)
 .glue_7t       0x0200a934        0x0 j:/dsdev/devkitarm/bin/../lib/gcc/arm-eabi/4.1.1/../../../../arm-eabi/lib/thumb\libg.a(lib_a-wcrtomb.o)
 .glue_7t       0x0200a934        0x0 j:/dsdev/devkitarm/bin/../lib/gcc/arm-eabi/4.1.1/../../../../arm-eabi/lib/thumb\libg.a(lib_a-wcsrtombs.o)
 .glue_7t       0x0200a934        0x0 j:/dsdev/devkitarm/bin/../lib/gcc/arm-eabi/4.1.1/../../../../arm-eabi/lib/thumb\libg.a(lib_a-wctomb_r.o)
 .glue_7t       0x0200a934        0x0 j:/dsdev/devkitarm/bin/../lib/gcc/arm-eabi/4.1.1/../../../../arm-eabi/lib/thumb\libg.a(lib_a-wsetup.o)
 .glue_7t       0x0200a934        0x0 j:/dsdev/devkitarm/bin/../lib/gcc/arm-eabi/4.1.1/../../../../arm-eabi/lib/thumb\libg.a(lib_a-ctype_.o)
 .glue_7t       0x0200a934        0x0 j:/dsdev/devkitarm/bin/../lib/gcc/arm-eabi/4.1.1/../../../../arm-eabi/lib/thumb\libg.a(lib_a-dtoa.o)
 .glue_7t       0x0200a934        0x0 j:/dsdev/devkitarm/bin/../lib/gcc/arm-eabi/4.1.1/../../../../arm-eabi/lib/thumb\libg.a(lib_a-fflush.o)
 .glue_7t       0x0200a934        0x0 j:/dsdev/devkitarm/bin/../lib/gcc/arm-eabi/4.1.1/../../../../arm-eabi/lib/thumb\libg.a(lib_a-findfp.o)
 .glue_7t       0x0200a934        0x0 j:/dsdev/devkitarm/bin/../lib/gcc/arm-eabi/4.1.1/../../../../arm-eabi/lib/thumb\libg.a(lib_a-fread.o)
 .glue_7t       0x0200a934        0x0 j:/dsdev/devkitarm/bin/../lib/gcc/arm-eabi/4.1.1/../../../../arm-eabi/lib/thumb\libg.a(lib_a-freer.o)
 .glue_7t       0x0200a934        0x0 j:/dsdev/devkitarm/bin/../lib/gcc/arm-eabi/4.1.1/../../../../arm-eabi/lib/thumb\libg.a(lib_a-fvwrite.o)
 .glue_7t       0x0200a934        0x0 j:/dsdev/devkitarm/bin/../lib/gcc/arm-eabi/4.1.1/../../../../arm-eabi/lib/thumb\libg.a(lib_a-fwalk.o)
 .glue_7t       0x0200a934        0x0 j:/dsdev/devkitarm/bin/../lib/gcc/arm-eabi/4.1.1/../../../../arm-eabi/lib/thumb\libg.a(lib_a-iswspace.o)
 .glue_7t       0x0200a934        0x0 j:/dsdev/devkitarm/bin/../lib/gcc/arm-eabi/4.1.1/../../../../arm-eabi/lib/thumb\libg.a(lib_a-locale.o)
 .glue_7t       0x0200a934        0x0 j:/dsdev/devkitarm/bin/../lib/gcc/arm-eabi/4.1.1/../../../../arm-eabi/lib/thumb\libg.a(lib_a-makebuf.o)
 .glue_7t       0x0200a934        0x0 j:/dsdev/devkitarm/bin/../lib/gcc/arm-eabi/4.1.1/../../../../arm-eabi/lib/thumb\libg.a(lib_a-malloc.o)
 .glue_7t       0x0200a934        0x0 j:/dsdev/devkitarm/bin/../lib/gcc/arm-eabi/4.1.1/../../../../arm-eabi/lib/thumb\libg.a(lib_a-mallocr.o)
 .glue_7t       0x0200a934        0x0 j:/dsdev/devkitarm/bin/../lib/gcc/arm-eabi/4.1.1/../../../../arm-eabi/lib/thumb\libg.a(lib_a-mbrtowc.o)
 .glue_7t       0x0200a934        0x0 j:/dsdev/devkitarm/bin/../lib/gcc/arm-eabi/4.1.1/../../../../arm-eabi/lib/thumb\libg.a(lib_a-mbtowc_r.o)
 .glue_7t       0x0200a934        0x0 j:/dsdev/devkitarm/bin/../lib/gcc/arm-eabi/4.1.1/../../../../arm-eabi/lib/thumb\libg.a(lib_a-memchr.o)
 .glue_7t       0x0200a934        0x0 j:/dsdev/devkitarm/bin/../lib/gcc/arm-eabi/4.1.1/../../../../arm-eabi/lib/thumb\libg.a(lib_a-memmove.o)
 .glue_7t       0x0200a934        0x0 j:/dsdev/devkitarm/bin/../lib/gcc/arm-eabi/4.1.1/../../../../arm-eabi/lib/thumb\libg.a(lib_a-memset.o)
 .glue_7t       0x0200a934        0x0 j:/dsdev/devkitarm/bin/../lib/gcc/arm-eabi/4.1.1/../../../../arm-eabi/lib/thumb\libg.a(lib_a-mlock.o)
 .glue_7t       0x0200a934        0x0 j:/dsdev/devkitarm/bin/../lib/gcc/arm-eabi/4.1.1/../../../../arm-eabi/lib/thumb\libg.a(lib_a-mprec.o)
 .glue_7t       0x0200a934        0x0 j:/dsdev/devkitarm/bin/../lib/gcc/arm-eabi/4.1.1/../../../../arm-eabi/lib/thumb\libg.a(lib_a-putc.o)
 .glue_7t       0x0200a934        0x0 j:/dsdev/devkitarm/bin/../lib/gcc/arm-eabi/4.1.1/../../../../arm-eabi/lib/thumb\libg.a(lib_a-reallocr.o)
 .glue_7t       0x0200a934        0x0 j:/dsdev/devkitarm/bin/../lib/gcc/arm-eabi/4.1.1/../../../../arm-eabi/lib/thumb\libg.a(lib_a-refill.o)
 .glue_7t       0x0200a934        0x0 j:/dsdev/devkitarm/bin/../lib/gcc/arm-eabi/4.1.1/../../../../arm-eabi/lib/thumb\libg.a(lib_a-s_isinfd.o)
 .glue_7t       0x0200a934        0x0 j:/dsdev/devkitarm/bin/../lib/gcc/arm-eabi/4.1.1/../../../../arm-eabi/lib/thumb\libg.a(lib_a-s_isnand.o)
 .glue_7t       0x0200a934        0x0 j:/dsdev/devkitarm/bin/../lib/gcc/arm-eabi/4.1.1/../../../../arm-eabi/lib/thumb\libg.a(lib_a-sbrkr.o)
 .glue_7t       0x0200a934        0x0 j:/dsdev/devkitarm/bin/../lib/gcc/arm-eabi/4.1.1/../../../../arm-eabi/lib/thumb\libg.a(lib_a-sccl.o)
 .glue_7t       0x0200a934        0x0 j:/dsdev/devkitarm/bin/../lib/gcc/arm-eabi/4.1.1/../../../../arm-eabi/lib/thumb\libg.a(lib_a-stdio.o)
 .glue_7t       0x0200a934        0x0 j:/dsdev/devkitarm/bin/../lib/gcc/arm-eabi/4.1.1/../../../../arm-eabi/lib/thumb\libg.a(lib_a-strcmp.o)
 .glue_7t       0x0200a934        0x0 j:/dsdev/devkitarm/bin/../lib/gcc/arm-eabi/4.1.1/../../../../arm-eabi/lib/thumb\libg.a(lib_a-strtol.o)
 .glue_7t       0x0200a934        0x0 j:/dsdev/devkitarm/bin/../lib/gcc/arm-eabi/4.1.1/../../../../arm-eabi/lib/thumb\libg.a(lib_a-strtoul.o)
 .glue_7t       0x0200a934        0x0 j:/dsdev/devkitarm/bin/../lib/gcc/arm-eabi/4.1.1/../../../../arm-eabi/lib/thumb\libg.a(lib_a-ungetc.o)
 .glue_7t       0x0200a934        0x0 j:/dsdev/devkitarm/bin/../lib/gcc/arm-eabi/4.1.1/../../../../arm-eabi/lib/thumb\libg.a(lib_a-wbuf.o)
 .glue_7t       0x0200a934        0x0 j:/dsdev/devkitarm/bin/../lib/gcc/arm-eabi/4.1.1/../../../../arm-eabi/lib/thumb\libg.a(lib_a-writer.o)
 .glue_7t       0x0200a934        0x0 j:/dsdev/devkitarm/bin/../lib/gcc/arm-eabi/4.1.1/../../../../arm-eabi/lib/thumb\libg.a(lib_a-callocr.o)
 .glue_7t       0x0200a934        0x0 j:/dsdev/devkitarm/bin/../lib/gcc/arm-eabi/4.1.1/../../../../arm-eabi/lib/thumb\libg.a(lib_a-closer.o)
 .glue_7t       0x0200a934        0x0 j:/dsdev/devkitarm/bin/../lib/gcc/arm-eabi/4.1.1/../../../../arm-eabi/lib/thumb\libg.a(lib_a-fclose.o)
 .glue_7t       0x0200a934        0x0 j:/dsdev/devkitarm/bin/../lib/gcc/arm-eabi/4.1.1/../../../../arm-eabi/lib/thumb\libg.a(lib_a-fstatr.o)
 .glue_7t       0x0200a934        0x0 j:/dsdev/devkitarm/bin/../lib/gcc/arm-eabi/4.1.1/../../../../arm-eabi/lib/thumb\libg.a(lib_a-lseekr.o)
 .glue_7t       0x0200a934        0x0 j:/dsdev/devkitarm/bin/../lib/gcc/arm-eabi/4.1.1/../../../../arm-eabi/lib/thumb\libg.a(lib_a-readr.o)
 .glue_7t       0x0200a934        0x0 j:/dsdev/devkitarm/bin/../lib/gcc/arm-eabi/4.1.1/../../../../arm-eabi/lib/thumb\libg.a(lib_a-reent.o)
 .glue_7t       0x0200a934        0x0 j:/dsdev/devkitarm/bin/../lib/gcc/arm-eabi/4.1.1/thumb\libgcc.a(_addsubdf3.o)
 .glue_7t       0x0200a934        0x0 j:/dsdev/devkitarm/bin/../lib/gcc/arm-eabi/4.1.1/thumb\libgcc.a(_muldivdf3.o)
 .glue_7t       0x0200a934        0x0 j:/dsdev/devkitarm/bin/../lib/gcc/arm-eabi/4.1.1/thumb\libgcc.a(_cmpdf2.o)
 .glue_7t       0x0200a934        0x0 j:/dsdev/devkitarm/bin/../lib/gcc/arm-eabi/4.1.1/thumb\libgcc.a(_fixdfsi.o)
 .glue_7t       0x0200a934        0x0 j:/dsdev/devkitarm/bin/../lib/gcc/arm-eabi/4.1.1/thumb\libgcc.a(_muldi3.o)
 .glue_7t       0x0200a934        0x0 j:/dsdev/devkitarm/bin/../lib/gcc/arm-eabi/4.1.1/../../../../arm-eabi/lib/thumb\libsysbase.a(iosupport.o)
 .glue_7t       0x0200a934        0x0 j:/dsdev/devkitarm/bin/../lib/gcc/arm-eabi/4.1.1/../../../../arm-eabi/lib/thumb\libsysbase.a(close.o)
 .glue_7t       0x0200a934        0x0 j:/dsdev/devkitarm/bin/../lib/gcc/arm-eabi/4.1.1/../../../../arm-eabi/lib/thumb\libsysbase.a(fstat.o)
 .glue_7t       0x0200a934        0x0 j:/dsdev/devkitarm/bin/../lib/gcc/arm-eabi/4.1.1/../../../../arm-eabi/lib/thumb\libsysbase.a(isatty.o)
 .glue_7t       0x0200a934        0x0 j:/dsdev/devkitarm/bin/../lib/gcc/arm-eabi/4.1.1/../../../../arm-eabi/lib/thumb\libsysbase.a(lseek.o)
 .glue_7t       0x0200a934        0x0 j:/dsdev/devkitarm/bin/../lib/gcc/arm-eabi/4.1.1/../../../../arm-eabi/lib/thumb\libsysbase.a(read.o)
 .glue_7t       0x0200a934        0x0 j:/dsdev/devkitarm/bin/../lib/gcc/arm-eabi/4.1.1/../../../../arm-eabi/lib/thumb\libsysbase.a(sbrk.o)
 .glue_7t       0x0200a934        0x0 j:/dsdev/devkitarm/bin/../lib/gcc/arm-eabi/4.1.1/../../../../arm-eabi/lib/thumb\libsysbase.a(write.o)
 .glue_7t       0x0200a934        0x0 j:/dsdev/devkitarm/bin/../lib/gcc/arm-eabi/4.1.1/../../../../arm-eabi/lib/thumb\libsysbase.a(malloc_vars.o)
 .glue_7t       0x0200a934        0x0 j:/dsdev/devkitarm/bin/../lib/gcc/arm-eabi/4.1.1/../../../../arm-eabi/lib/thumb\libc.a(lib_a-strncmp.o)
 .glue_7t       0x0200a934       0x90 j:/dsdev/devkitarm/bin/../lib/gcc/arm-eabi/4.1.1/thumb/crtend.o
                0x0200a968                ____aeabi_fcmpeq_change_to_arm
                0x0200a9c0                ____aeabi_dcmpge_change_to_arm
                0x0200a978                ____aeabi_dcmpeq_change_to_arm
                0x0200a954                ____aeabi_fdiv_from_thumb
                0x0200a998                ____aeabi_dadd_change_to_arm
                0x0200a940                ____aeabi_i2f_change_to_arm
                0x0200a98c                ____aeabi_dmul_from_thumb
                0x0200a948                ____aeabi_fcmplt_change_to_arm
                0x0200a960                ____aeabi_fmul_change_to_arm
                0x0200a980                ____aeabi_dcmplt_change_to_arm
                0x0200a970                ____aeabi_fadd_change_to_arm
                0x0200a99c                ____aeabi_i2d_from_thumb
                0x0200a934                ____aeabi_f2iz_from_thumb
                0x0200a9ac                ____aeabi_ddiv_from_thumb
                0x0200a974                ____aeabi_dcmpeq_from_thumb
                0x0200a990                ____aeabi_dmul_change_to_arm
                0x0200a988                ____aeabi_dsub_change_to_arm
                0x0200a958                ____aeabi_fdiv_change_to_arm
                0x0200a9b0                ____aeabi_ddiv_change_to_arm
                0x0200a9a4                ____aeabi_d2iz_from_thumb
                0x0200a938                ____aeabi_f2iz_change_to_arm
                0x0200a94c                ____aeabi_fcmpgt_from_thumb
                0x0200a97c                ____aeabi_dcmplt_from_thumb
                0x0200a944                ____aeabi_fcmplt_from_thumb
                0x0200a95c                ____aeabi_fmul_from_thumb
                0x0200a9a0                ____aeabi_i2d_change_to_arm
                0x0200a964                ____aeabi_fcmpeq_from_thumb
                0x0200a994                ____aeabi_dadd_from_thumb
                0x0200a9b8                ____aeabi_dcmpgt_change_to_arm
                0x0200a9b4                ____aeabi_dcmpgt_from_thumb
                0x0200a984                ____aeabi_dsub_from_thumb
                0x0200a96c                ____aeabi_fadd_from_thumb
                0x0200a950                ____aeabi_fcmpgt_change_to_arm
                0x0200a9a8                ____aeabi_d2iz_change_to_arm
                0x0200a93c                ____aeabi_i2f_from_thumb
                0x0200a9bc                ____aeabi_dcmpge_from_thumb
 .glue_7t       0x0200a9c4        0x0 j:/dsdev/devkitarm/bin/../lib/gcc/arm-eabi/4.1.1/thumb/crtn.o
                0x0200a9c4                . = ALIGN (0x4)

.fini           0x0200a9c4        0xc
 *(.fini)
 .fini          0x0200a9c4        0x4 j:/dsdev/devkitarm/bin/../lib/gcc/arm-eabi/4.1.1/thumb/crti.o
                0x0200a9c4                _fini
 .fini          0x0200a9c8        0x8 j:/dsdev/devkitarm/bin/../lib/gcc/arm-eabi/4.1.1/thumb/crtn.o
                0x0200a9d0                __text_end = .

.rodata         0x0200a9d0     0x7804
 *(.rodata)
 .rodata        0x0200a9d0     0x4bd4 arm9_main.o
 .rodata        0x0200f5a4      0x120 j:/dsdev/libnds/lib\libnds9.a(console.o)
                0x0200f678                dotab_stdout
 .rodata        0x0200f6c4     0x2004 j:/dsdev/libnds/lib\libnds9.a(default_font.o)
                0x020116c8                default_font_bin_end
                0x0200f6c4                default_font_bin_size
                0x0200f6c8                default_font_bin
 .rodata        0x020116c8        0x4 j:/dsdev/devkitarm/bin/../lib/gcc/arm-eabi/4.1.1/../../../../arm-eabi/lib/thumb\libg.a(lib_a-impure.o)
                0x020116c8                _global_impure_ptr
 .rodata        0x020116cc      0x18c j:/dsdev/devkitarm/bin/../lib/gcc/arm-eabi/4.1.1/../../../../arm-eabi/lib/thumb\libg.a(lib_a-vfiprintf.o)
 .rodata        0x02011858      0x340 j:/dsdev/devkitarm/bin/../lib/gcc/arm-eabi/4.1.1/../../../../arm-eabi/lib/thumb\libg.a(lib_a-vfiscanf.o)
 .rodata        0x02011b98      0x18c j:/dsdev/devkitarm/bin/../lib/gcc/arm-eabi/4.1.1/../../../../arm-eabi/lib/thumb\libg.a(lib_a-vfprintf.o)
 .rodata        0x02011d24      0x101 j:/dsdev/devkitarm/bin/../lib/gcc/arm-eabi/4.1.1/../../../../arm-eabi/lib/thumb\libg.a(lib_a-ctype_.o)
                0x02011d24                _ctype_
 *fill*         0x02011e25        0x3 ff
 .rodata        0x02011e28       0x18 j:/dsdev/devkitarm/bin/../lib/gcc/arm-eabi/4.1.1/../../../../arm-eabi/lib/thumb\libg.a(lib_a-dtoa.o)
 .rodata        0x02011e40       0x34 j:/dsdev/devkitarm/bin/../lib/gcc/arm-eabi/4.1.1/../../../../arm-eabi/lib/thumb\libg.a(lib_a-locale.o)
 *fill*         0x02011e74        0x4 ff
 .rodata        0x02011e78      0x128 j:/dsdev/devkitarm/bin/../lib/gcc/arm-eabi/4.1.1/../../../../arm-eabi/lib/thumb\libg.a(lib_a-mprec.o)
                0x02011f68                __mprec_tinytens
                0x02011e78                __mprec_tens
                0x02011f40                __mprec_bigtens
 .rodata        0x02011fa0       0x4c j:/dsdev/devkitarm/bin/../lib/gcc/arm-eabi/4.1.1/../../../../arm-eabi/lib/thumb\libsysbase.a(iosupport.o)
                0x02011fa0                dotab_stdnull
 *all.rodata*(*)
 *(.roda)
 *(.rodata.*)
 .rodata.str1.4
                0x02011fec      0x10b arm9_main.o
                                0x10c (size before relaxing)
 *fill*         0x020120f7        0x1 ff
 .rodata.str1.4
                0x020120f8       0x2c j:/dsdev/libnds/lib\libnds9.a(console.o)
                                 0x34 (size before relaxing)
 .rodata.str1.4
                0x02012124        0x2 j:/dsdev/devkitarm/bin/../lib/gcc/arm-eabi/4.1.1/../../../../arm-eabi/lib/thumb\libg.a(lib_a-impure.o)
                                  0x4 (size before relaxing)
 *fill*         0x02012126        0x2 ff
 .rodata.str1.4
                0x02012128        0x2 j:/dsdev/devkitarm/bin/../lib/gcc/arm-eabi/4.1.1/../../../../arm-eabi/lib/thumb\libg.a(lib_a-puts.o)
                                  0x4 (size before relaxing)
 *fill*         0x0201212a        0x2 ff
 .rodata.str1.4
                0x0201212c       0x4b j:/dsdev/devkitarm/bin/../lib/gcc/arm-eabi/4.1.1/../../../../arm-eabi/lib/thumb\libg.a(lib_a-vfiprintf.o)
                                 0x4c (size before relaxing)
 *fill*         0x02012177        0x1 ff
 .rodata.str1.4
                0x02012178       0x16 j:/dsdev/devkitarm/bin/../lib/gcc/arm-eabi/4.1.1/../../../../arm-eabi/lib/thumb\libg.a(lib_a-vfprintf.o)
                                 0x64 (size before relaxing)
 *fill*         0x0201218e        0x2 ff
 .rodata.str1.4
                0x02012190       0x1e j:/dsdev/devkitarm/bin/../lib/gcc/arm-eabi/4.1.1/../../../../arm-eabi/lib/thumb\libg.a(lib_a-wctomb_r.o)
                                 0x20 (size before relaxing)
 *fill*         0x020121ae        0x2 ff
 .rodata.str1.4
                0x020121b0       0x10 j:/dsdev/devkitarm/bin/../lib/gcc/arm-eabi/4.1.1/../../../../arm-eabi/lib/thumb\libg.a(lib_a-dtoa.o)
                                 0x14 (size before relaxing)
 .rodata.str1.4
                0x020121c0        0xb j:/dsdev/devkitarm/bin/../lib/gcc/arm-eabi/4.1.1/../../../../arm-eabi/lib/thumb\libg.a(lib_a-locale.o)
                                 0x18 (size before relaxing)
 .rodata.str1.4
                0x00000000        0x4 j:/dsdev/devkitarm/bin/../lib/gcc/arm-eabi/4.1.1/../../../../arm-eabi/lib/thumb\libg.a(lib_a-mbrtowc.o)
 *fill*         0x020121cb        0x1 ff
 .rodata.str1.4
                0x020121cc        0x8 j:/dsdev/devkitarm/bin/../lib/gcc/arm-eabi/4.1.1/../../../../arm-eabi/lib/thumb\libsysbase.a(iosupport.o)
 *(.gnu.linkonce.r*)
                0x020121d4                . = ALIGN (0x4)

.ARM.extab
 *(.ARM.extab* .gnu.linkonce.armextab.*)
                0x020121d4                __exidx_start = .

.ARM.exidx
 *(.ARM.exidx* .gnu.linkonce.armexidx.*)
                0x020121d4                __exidx_end = .
                0x020121d4                . = ALIGN (0x4)
                0x020121d4                PROVIDE (__preinit_array_start, .)

.preinit_array
 *(.preinit_array)
                0x020121d4                PROVIDE (__preinit_array_end, .)
                0x020121d4                PROVIDE (__init_array_start, .)

.init_array     0x020121d4        0x4
 *(.init_array)
 .init_array    0x020121d4        0x4 j:/dsdev/devkitarm/bin/../lib/gcc/arm-eabi/4.1.1/thumb/crtbegin.o
                0x020121d8                PROVIDE (__init_array_end, .)
                0x020121d8                PROVIDE (__fini_array_start, .)

.fini_array     0x020121d8        0x4
 *(.fini_array)
 .fini_array    0x020121d8        0x4 j:/dsdev/devkitarm/bin/../lib/gcc/arm-eabi/4.1.1/thumb/crtbegin.o
                0x020121dc                PROVIDE (__fini_array_end, .)

.ctors          0x020121dc        0x0
 *crtbegin.o(.ctors)
 *(EXCLUDE_FILE(*crtend.o) .ctors)
 *(SORT(.ctors.*))
 *(.ctors)
                0x020121dc                . = ALIGN (0x4)

.dtors          0x020121dc        0x0
 *crtbegin.o(.dtors)
 *(EXCLUDE_FILE(*crtend.o) .dtors)
 *(SORT(.dtors.*))
 *(.dtors)
                0x020121dc                . = ALIGN (0x4)

.eh_frame       0x020121dc        0x4
 *(.eh_frame)
 .eh_frame      0x020121dc        0x0 j:/dsdev/devkitarm/bin/../lib/gcc/arm-eabi/4.1.1/thumb/crtbegin.o
 .eh_frame      0x020121dc        0x4 j:/dsdev/devkitarm/bin/../lib/gcc/arm-eabi/4.1.1/thumb/crtend.o
                0x020121e0                . = ALIGN (0x4)

.gcc_except_table
                0x020121e0        0x0
 *(.gcc_except_table)
                0x020121e0                . = ALIGN (0x4)

.jcr            0x020121e0        0x4
 *(.jcr)
 .jcr           0x020121e0        0x0 j:/dsdev/devkitarm/bin/../lib/gcc/arm-eabi/4.1.1/thumb/crtbegin.o
 .jcr           0x020121e0        0x4 j:/dsdev/devkitarm/bin/../lib/gcc/arm-eabi/4.1.1/thumb/crtend.o

.got
 *(.got.plt)
 *(.got)
 *(.rel.got)

.ewram          0x020121e4        0x0
                0x020121e4                __ewram_start = <code 342> (.)
 *(.ewram)
 *ewram.*(.text)
                0x020121e4                . = ALIGN (0x4)

.data           0x020121e4      0x8ac
                0x020121e4                __data_start = <code 342> (.)
 *(.data)
 .data          0x020121e4        0x0 j:/dsdev/devkitarm/bin/../lib/gcc/arm-eabi/4.1.1/../../../../arm-eabi/lib/thumb/ds_arm9_crt0.o
 .data          0x020121e4        0x0 j:/dsdev/devkitarm/bin/../lib/gcc/arm-eabi/4.1.1/thumb/crti.o
 .data          0x020121e4        0x4 j:/dsdev/devkitarm/bin/../lib/gcc/arm-eabi/4.1.1/thumb/crtbegin.o
                0x020121e4                __dso_handle
 .data          0x020121e8       0x20 arm9_main.o
                0x020121e9                yt
                0x020121ed                tilemap
                0x020121eb                xoff
                0x020121f8                maxx
                0x02012204                srm
                0x020121ea                ct
                0x020121ec                yoff
                0x020121e8                xt
                0x02012200                matodir
                0x020121fc                maxy
 .data          0x02012208        0x0 j:/dsdev/libnds/lib\libnds9.a(console.o)
 .data          0x02012208        0x3 j:/dsdev/libnds/lib\libnds9.a(keys.o)
 .data          0x0201220b        0x0 j:/dsdev/libnds/lib\libnds9.a(video.o)
 .data          0x0201220b        0x0 j:/dsdev/libnds/lib\libnds9.a(default_font.o)
 .data          0x0201220b        0x0 j:/dsdev/devkitarm/bin/../lib/gcc/arm-eabi/4.1.1/thumb\libgcc.a(_udivsi3.o)
 .data          0x0201220b        0x0 j:/dsdev/devkitarm/bin/../lib/gcc/arm-eabi/4.1.1/thumb\libgcc.a(_divsi3.o)
 .data          0x0201220b        0x0 j:/dsdev/devkitarm/bin/../lib/gcc/arm-eabi/4.1.1/thumb\libgcc.a(_dvmd_tls.o)
 .data          0x0201220b        0x0 j:/dsdev/devkitarm/bin/../lib/gcc/arm-eabi/4.1.1/thumb\libgcc.a(_call_via_rX.o)
 .data          0x0201220b        0x0 j:/dsdev/devkitarm/bin/../lib/gcc/arm-eabi/4.1.1/thumb\libgcc.a(_addsubsf3.o)
 .data          0x0201220b        0x0 j:/dsdev/devkitarm/bin/../lib/gcc/arm-eabi/4.1.1/thumb\libgcc.a(_muldivsf3.o)
 .data          0x0201220b        0x0 j:/dsdev/devkitarm/bin/../lib/gcc/arm-eabi/4.1.1/thumb\libgcc.a(_cmpsf2.o)
 .data          0x0201220b        0x0 j:/dsdev/devkitarm/bin/../lib/gcc/arm-eabi/4.1.1/thumb\libgcc.a(_fixsfsi.o)
 *fill*         0x0201220b        0x5 ff
 .data          0x02012210      0x418 j:/dsdev/devkitarm/bin/../lib/gcc/arm-eabi/4.1.1/../../../../arm-eabi/lib/thumb\libg.a(lib_a-impure.o)
                0x02012210                _impure_ptr
 .data          0x02012628        0x0 j:/dsdev/devkitarm/bin/../lib/gcc/arm-eabi/4.1.1/../../../../arm-eabi/lib/thumb\libg.a(lib_a-init.o)
 .data          0x02012628        0x0 j:/dsdev/devkitarm/bin/../lib/gcc/arm-eabi/4.1.1/../../../../arm-eabi/lib/thumb\libg.a(lib_a-iprintf.o)
 .data          0x02012628        0x0 j:/dsdev/devkitarm/bin/../lib/gcc/arm-eabi/4.1.1/../../../../arm-eabi/lib/thumb\libg.a(lib_a-memcpy.o)
 .data          0x02012628        0x0 j:/dsdev/devkitarm/bin/../lib/gcc/arm-eabi/4.1.1/../../../../arm-eabi/lib/thumb\libg.a(lib_a-printf.o)
 .data          0x02012628        0x0 j:/dsdev/devkitarm/bin/../lib/gcc/arm-eabi/4.1.1/../../../../arm-eabi/lib/thumb\libg.a(lib_a-putchar.o)
 .data          0x02012628        0x0 j:/dsdev/devkitarm/bin/../lib/gcc/arm-eabi/4.1.1/../../../../arm-eabi/lib/thumb\libg.a(lib_a-puts.o)
 .data          0x02012628        0x0 j:/dsdev/devkitarm/bin/../lib/gcc/arm-eabi/4.1.1/../../../../arm-eabi/lib/thumb\libg.a(lib_a-rand.o)
 .data          0x02012628        0x0 j:/dsdev/devkitarm/bin/../lib/gcc/arm-eabi/4.1.1/../../../../arm-eabi/lib/thumb\libg.a(lib_a-setvbuf.o)
 .data          0x02012628        0x0 j:/dsdev/devkitarm/bin/../lib/gcc/arm-eabi/4.1.1/../../../../arm-eabi/lib/thumb\libg.a(lib_a-siscanf.o)
 .data          0x02012628        0x0 j:/dsdev/devkitarm/bin/../lib/gcc/arm-eabi/4.1.1/../../../../arm-eabi/lib/thumb\libg.a(lib_a-strlen.o)
 .data          0x02012628        0x0 j:/dsdev/devkitarm/bin/../lib/gcc/arm-eabi/4.1.1/../../../../arm-eabi/lib/thumb\libg.a(lib_a-vfiprintf.o)
 .data          0x02012628        0x0 j:/dsdev/devkitarm/bin/../lib/gcc/arm-eabi/4.1.1/../../../../arm-eabi/lib/thumb\libg.a(lib_a-vfiscanf.o)
 .data          0x02012628        0x0 j:/dsdev/devkitarm/bin/../lib/gcc/arm-eabi/4.1.1/../../../../arm-eabi/lib/thumb\libg.a(lib_a-vfprintf.o)
 .data          0x02012628        0x0 j:/dsdev/devkitarm/bin/../lib/gcc/arm-eabi/4.1.1/../../../../arm-eabi/lib/thumb\libg.a(lib_a-wcrtomb.o)
 .data          0x02012628        0x0 j:/dsdev/devkitarm/bin/../lib/gcc/arm-eabi/4.1.1/../../../../arm-eabi/lib/thumb\libg.a(lib_a-wcsrtombs.o)
 .data          0x02012628        0x0 j:/dsdev/devkitarm/bin/../lib/gcc/arm-eabi/4.1.1/../../../../arm-eabi/lib/thumb\libg.a(lib_a-wctomb_r.o)
 .data          0x02012628        0x0 j:/dsdev/devkitarm/bin/../lib/gcc/arm-eabi/4.1.1/../../../../arm-eabi/lib/thumb\libg.a(lib_a-wsetup.o)
 .data          0x02012628        0x4 j:/dsdev/devkitarm/bin/../lib/gcc/arm-eabi/4.1.1/../../../../arm-eabi/lib/thumb\libg.a(lib_a-ctype_.o)
                0x02012628                __ctype_ptr
 .data          0x0201262c        0x0 j:/dsdev/devkitarm/bin/../lib/gcc/arm-eabi/4.1.1/../../../../arm-eabi/lib/thumb\libg.a(lib_a-dtoa.o)
 .data          0x0201262c        0x0 j:/dsdev/devkitarm/bin/../lib/gcc/arm-eabi/4.1.1/../../../../arm-eabi/lib/thumb\libg.a(lib_a-fflush.o)
 .data          0x0201262c        0x0 j:/dsdev/devkitarm/bin/../lib/gcc/arm-eabi/4.1.1/../../../../arm-eabi/lib/thumb\libg.a(lib_a-findfp.o)
 .data          0x0201262c        0x0 j:/dsdev/devkitarm/bin/../lib/gcc/arm-eabi/4.1.1/../../../../arm-eabi/lib/thumb\libg.a(lib_a-fread.o)
 .data          0x0201262c        0x0 j:/dsdev/devkitarm/bin/../lib/gcc/arm-eabi/4.1.1/../../../../arm-eabi/lib/thumb\libg.a(lib_a-freer.o)
 .data          0x0201262c        0x0 j:/dsdev/devkitarm/bin/../lib/gcc/arm-eabi/4.1.1/../../../../arm-eabi/lib/thumb\libg.a(lib_a-fvwrite.o)
 .data          0x0201262c        0x0 j:/dsdev/devkitarm/bin/../lib/gcc/arm-eabi/4.1.1/../../../../arm-eabi/lib/thumb\libg.a(lib_a-fwalk.o)
 .data          0x0201262c        0x0 j:/dsdev/devkitarm/bin/../lib/gcc/arm-eabi/4.1.1/../../../../arm-eabi/lib/thumb\libg.a(lib_a-iswspace.o)
 .data          0x0201262c       0x10 j:/dsdev/devkitarm/bin/../lib/gcc/arm-eabi/4.1.1/../../../../arm-eabi/lib/thumb\libg.a(lib_a-locale.o)
                0x0201262c                __mb_cur_max
                0x02012630                __lc_ctype
 .data          0x0201263c        0x0 j:/dsdev/devkitarm/bin/../lib/gcc/arm-eabi/4.1.1/../../../../arm-eabi/lib/thumb\libg.a(lib_a-makebuf.o)
 .data          0x0201263c        0x0 j:/dsdev/devkitarm/bin/../lib/gcc/arm-eabi/4.1.1/../../../../arm-eabi/lib/thumb\libg.a(lib_a-malloc.o)
 .data          0x0201263c      0x410 j:/dsdev/devkitarm/bin/../lib/gcc/arm-eabi/4.1.1/../../../../arm-eabi/lib/thumb\libg.a(lib_a-mallocr.o)
                0x02012a48                __malloc_sbrk_base
                0x0201263c                __malloc_av_
                0x02012a44                __malloc_trim_threshold
 .data          0x02012a4c        0x0 j:/dsdev/devkitarm/bin/../lib/gcc/arm-eabi/4.1.1/../../../../arm-eabi/lib/thumb\libg.a(lib_a-mbrtowc.o)
 .data          0x02012a4c        0x0 j:/dsdev/devkitarm/bin/../lib/gcc/arm-eabi/4.1.1/../../../../arm-eabi/lib/thumb\libg.a(lib_a-mbtowc_r.o)
 .data          0x02012a4c        0x0 j:/dsdev/devkitarm/bin/../lib/gcc/arm-eabi/4.1.1/../../../../arm-eabi/lib/thumb\libg.a(lib_a-memchr.o)
 .data          0x02012a4c        0x0 j:/dsdev/devkitarm/bin/../lib/gcc/arm-eabi/4.1.1/../../../../arm-eabi/lib/thumb\libg.a(lib_a-memmove.o)
 .data          0x02012a4c        0x0 j:/dsdev/devkitarm/bin/../lib/gcc/arm-eabi/4.1.1/../../../../arm-eabi/lib/thumb\libg.a(lib_a-memset.o)
 .data          0x02012a4c        0x0 j:/dsdev/devkitarm/bin/../lib/gcc/arm-eabi/4.1.1/../../../../arm-eabi/lib/thumb\libg.a(lib_a-mlock.o)
 .data          0x02012a4c        0x0 j:/dsdev/devkitarm/bin/../lib/gcc/arm-eabi/4.1.1/../../../../arm-eabi/lib/thumb\libg.a(lib_a-mprec.o)
 .data          0x02012a4c        0x0 j:/dsdev/devkitarm/bin/../lib/gcc/arm-eabi/4.1.1/../../../../arm-eabi/lib/thumb\libg.a(lib_a-putc.o)
 .data          0x02012a4c        0x0 j:/dsdev/devkitarm/bin/../lib/gcc/arm-eabi/4.1.1/../../../../arm-eabi/lib/thumb\libg.a(lib_a-reallocr.o)
 .data          0x02012a4c        0x0 j:/dsdev/devkitarm/bin/../lib/gcc/arm-eabi/4.1.1/../../../../arm-eabi/lib/thumb\libg.a(lib_a-refill.o)
 .data          0x02012a4c        0x0 j:/dsdev/devkitarm/bin/../lib/gcc/arm-eabi/4.1.1/../../../../arm-eabi/lib/thumb\libg.a(lib_a-s_isinfd.o)
 .data          0x02012a4c        0x0 j:/dsdev/devkitarm/bin/../lib/gcc/arm-eabi/4.1.1/../../../../arm-eabi/lib/thumb\libg.a(lib_a-s_isnand.o)
 .data          0x02012a4c        0x0 j:/dsdev/devkitarm/bin/../lib/gcc/arm-eabi/4.1.1/../../../../arm-eabi/lib/thumb\libg.a(lib_a-sbrkr.o)
 .data          0x02012a4c        0x0 j:/dsdev/devkitarm/bin/../lib/gcc/arm-eabi/4.1.1/../../../../arm-eabi/lib/thumb\libg.a(lib_a-sccl.o)
 .data          0x02012a4c        0x0 j:/dsdev/devkitarm/bin/../lib/gcc/arm-eabi/4.1.1/../../../../arm-eabi/lib/thumb\libg.a(lib_a-stdio.o)
 .data          0x02012a4c        0x0 j:/dsdev/devkitarm/bin/../lib/gcc/arm-eabi/4.1.1/../../../../arm-eabi/lib/thumb\libg.a(lib_a-strcmp.o)
 .data          0x02012a4c        0x0 j:/dsdev/devkitarm/bin/../lib/gcc/arm-eabi/4.1.1/../../../../arm-eabi/lib/thumb\libg.a(lib_a-strtol.o)
 .data          0x02012a4c        0x0 j:/dsdev/devkitarm/bin/../lib/gcc/arm-eabi/4.1.1/../../../../arm-eabi/lib/thumb\libg.a(lib_a-strtoul.o)
 .data          0x02012a4c        0x0 j:/dsdev/devkitarm/bin/../lib/gcc/arm-eabi/4.1.1/../../../../arm-eabi/lib/thumb\libg.a(lib_a-ungetc.o)
 .data          0x02012a4c        0x0 j:/dsdev/devkitarm/bin/../lib/gcc/arm-eabi/4.1.1/../../../../arm-eabi/lib/thumb\libg.a(lib_a-wbuf.o)
 .data          0x02012a4c        0x0 j:/dsdev/devkitarm/bin/../lib/gcc/arm-eabi/4.1.1/../../../../arm-eabi/lib/thumb\libg.a(lib_a-writer.o)
 .data          0x02012a4c        0x0 j:/dsdev/devkitarm/bin/../lib/gcc/arm-eabi/4.1.1/../../../../arm-eabi/lib/thumb\libg.a(lib_a-callocr.o)
 .data          0x02012a4c        0x0 j:/dsdev/devkitarm/bin/../lib/gcc/arm-eabi/4.1.1/../../../../arm-eabi/lib/thumb\libg.a(lib_a-closer.o)
 .data          0x02012a4c        0x0 j:/dsdev/devkitarm/bin/../lib/gcc/arm-eabi/4.1.1/../../../../arm-eabi/lib/thumb\libg.a(lib_a-fclose.o)
 .data          0x02012a4c        0x0 j:/dsdev/devkitarm/bin/../lib/gcc/arm-eabi/4.1.1/../../../../arm-eabi/lib/thumb\libg.a(lib_a-fstatr.o)
 .data          0x02012a4c        0x0 j:/dsdev/devkitarm/bin/../lib/gcc/arm-eabi/4.1.1/../../../../arm-eabi/lib/thumb\libg.a(lib_a-lseekr.o)
 .data          0x02012a4c        0x0 j:/dsdev/devkitarm/bin/../lib/gcc/arm-eabi/4.1.1/../../../../arm-eabi/lib/thumb\libg.a(lib_a-readr.o)
 .data          0x02012a4c        0x0 j:/dsdev/devkitarm/bin/../lib/gcc/arm-eabi/4.1.1/../../../../arm-eabi/lib/thumb\libg.a(lib_a-reent.o)
 .data          0x02012a4c        0x0 j:/dsdev/devkitarm/bin/../lib/gcc/arm-eabi/4.1.1/thumb\libgcc.a(_addsubdf3.o)
 .data          0x02012a4c        0x0 j:/dsdev/devkitarm/bin/../lib/gcc/arm-eabi/4.1.1/thumb\libgcc.a(_muldivdf3.o)
 .data          0x02012a4c        0x0 j:/dsdev/devkitarm/bin/../lib/gcc/arm-eabi/4.1.1/thumb\libgcc.a(_cmpdf2.o)
 .data          0x02012a4c        0x0 j:/dsdev/devkitarm/bin/../lib/gcc/arm-eabi/4.1.1/thumb\libgcc.a(_fixdfsi.o)
 .data          0x02012a4c        0x0 j:/dsdev/devkitarm/bin/../lib/gcc/arm-eabi/4.1.1/thumb\libgcc.a(_muldi3.o)
 .data          0x02012a4c       0x44 j:/dsdev/devkitarm/bin/../lib/gcc/arm-eabi/4.1.1/../../../../arm-eabi/lib/thumb\libsysbase.a(iosupport.o)
                0x02012a4c                devoptab_list
 .data          0x02012a90        0x0 j:/dsdev/devkitarm/bin/../lib/gcc/arm-eabi/4.1.1/../../../../arm-eabi/lib/thumb\libsysbase.a(close.o)
 .data          0x02012a90        0x0 j:/dsdev/devkitarm/bin/../lib/gcc/arm-eabi/4.1.1/../../../../arm-eabi/lib/thumb\libsysbase.a(fstat.o)
 .data          0x02012a90        0x0 j:/dsdev/devkitarm/bin/../lib/gcc/arm-eabi/4.1.1/../../../../arm-eabi/lib/thumb\libsysbase.a(isatty.o)
 .data          0x02012a90        0x0 j:/dsdev/devkitarm/bin/../lib/gcc/arm-eabi/4.1.1/../../../../arm-eabi/lib/thumb\libsysbase.a(lseek.o)
 .data          0x02012a90        0x0 j:/dsdev/devkitarm/bin/../lib/gcc/arm-eabi/4.1.1/../../../../arm-eabi/lib/thumb\libsysbase.a(read.o)
 .data          0x02012a90        0x0 j:/dsdev/devkitarm/bin/../lib/gcc/arm-eabi/4.1.1/../../../../arm-eabi/lib/thumb\libsysbase.a(sbrk.o)
 .data          0x02012a90        0x0 j:/dsdev/devkitarm/bin/../lib/gcc/arm-eabi/4.1.1/../../../../arm-eabi/lib/thumb\libsysbase.a(write.o)
 .data          0x02012a90        0x0 j:/dsdev/devkitarm/bin/../lib/gcc/arm-eabi/4.1.1/../../../../arm-eabi/lib/thumb\libsysbase.a(malloc_vars.o)
 .data          0x02012a90        0x0 j:/dsdev/devkitarm/bin/../lib/gcc/arm-eabi/4.1.1/../../../../arm-eabi/lib/thumb\libc.a(lib_a-strncmp.o)
 .data          0x02012a90        0x0 j:/dsdev/devkitarm/bin/../lib/gcc/arm-eabi/4.1.1/thumb/crtend.o
 .data          0x02012a90        0x0 j:/dsdev/devkitarm/bin/../lib/gcc/arm-eabi/4.1.1/thumb/crtn.o
 *(.data.*)
 *(.gnu.linkonce.d*)
                0x02012a90                . = ALIGN (0x4)
                0x02012a90                __data_end = <code 342> (.)
                0x02012a90                __dtcm_lma = .

.dtcm           0x0b000000        0x0 load address 0x02012a90
 *(.dtcm)
 *(.dtcm.*)
                0x0b000000                . = ALIGN (0x4)
                0x0b000000                __dtcm_end = <code 342> (.)
                0x02012a90                __itcm_lma = (__dtcm_lma + SIZEOF (.dtcm))

.itcm           0x01000000        0x0 load address 0x02012a90
 *(.itcm)
 *itcm.*(.text)
                0x01000000                . = ALIGN (0x4)
                0x01000000                __itcm_end = <code 342> (.)

.sbss           0x0b000000        0x0
                0x0b000000                __sbss_start = <code 342> (.)
                0x0b000000                __sbss_start__ = <code 342> (.)
 *(.sbss)
                0x0b000000                . = ALIGN (0x4)
                0x0b000000                __sbss_end = <code 342> (.)
                0x02012a90                __bss_lma = (__itcm_lma + SIZEOF (.itcm))
                0x02012a90                __appended_data = (__itcm_lma + SIZEOF (.itcm))

.bss            0x02012a90     0x21cc load address 0x02012a90
                0x02012a90                __bss_start = <code 342> (.)
                0x02012a90                __bss_start__ = <code 342> (.)
 *(.dynbss)
 *(.gnu.linkonce.b*)
 *(.bss*)
 .bss           0x02012a90        0x0 j:/dsdev/devkitarm/bin/../lib/gcc/arm-eabi/4.1.1/../../../../arm-eabi/lib/thumb/ds_arm9_crt0.o
 .bss           0x02012a90        0x0 j:/dsdev/devkitarm/bin/../lib/gcc/arm-eabi/4.1.1/thumb/crti.o
 .bss           0x02012a90       0x1c j:/dsdev/devkitarm/bin/../lib/gcc/arm-eabi/4.1.1/thumb/crtbegin.o
 .bss           0x02012aac     0x2138 arm9_main.o
                0x02012bdc                moves
                0x02013be0                mflag
                0x02014be3                thinger
                0x02014be0                upos
                0x02012bda                currmap
                0x02012aac                matox
                0x02012aad                matoy
                0x02012be0                undo
                0x02014be2                doScores
                0x02012aae                mapcopy
 .bss           0x02014be4       0x20 j:/dsdev/libnds/lib\libnds9.a(console.o)
 .bss           0x02014c04        0x6 j:/dsdev/libnds/lib\libnds9.a(keys.o)
 .bss           0x02014c0a        0x0 j:/dsdev/libnds/lib\libnds9.a(video.o)
 .bss           0x02014c0a        0x0 j:/dsdev/libnds/lib\libnds9.a(default_font.o)
 .bss           0x02014c0a        0x0 j:/dsdev/devkitarm/bin/../lib/gcc/arm-eabi/4.1.1/thumb\libgcc.a(_udivsi3.o)
 .bss           0x02014c0a        0x0 j:/dsdev/devkitarm/bin/../lib/gcc/arm-eabi/4.1.1/thumb\libgcc.a(_divsi3.o)
 .bss           0x02014c0a        0x0 j:/dsdev/devkitarm/bin/../lib/gcc/arm-eabi/4.1.1/thumb\libgcc.a(_dvmd_tls.o)
 .bss           0x02014c0a        0x0 j:/dsdev/devkitarm/bin/../lib/gcc/arm-eabi/4.1.1/thumb\libgcc.a(_call_via_rX.o)
 .bss           0x02014c0a        0x0 j:/dsdev/devkitarm/bin/../lib/gcc/arm-eabi/4.1.1/thumb\libgcc.a(_addsubsf3.o)
 .bss           0x02014c0a        0x0 j:/dsdev/devkitarm/bin/../lib/gcc/arm-eabi/4.1.1/thumb\libgcc.a(_muldivsf3.o)
 .bss           0x02014c0a        0x0 j:/dsdev/devkitarm/bin/../lib/gcc/arm-eabi/4.1.1/thumb\libgcc.a(_cmpsf2.o)
 .bss           0x02014c0a        0x0 j:/dsdev/devkitarm/bin/../lib/gcc/arm-eabi/4.1.1/thumb\libgcc.a(_fixsfsi.o)
 .bss           0x02014c0a        0x0 j:/dsdev/devkitarm/bin/../lib/gcc/arm-eabi/4.1.1/../../../../arm-eabi/lib/thumb\libg.a(lib_a-impure.o)
 .bss           0x02014c0a        0x0 j:/dsdev/devkitarm/bin/../lib/gcc/arm-eabi/4.1.1/../../../../arm-eabi/lib/thumb\libg.a(lib_a-init.o)
 .bss           0x02014c0a        0x0 j:/dsdev/devkitarm/bin/../lib/gcc/arm-eabi/4.1.1/../../../../arm-eabi/lib/thumb\libg.a(lib_a-iprintf.o)
 .bss           0x02014c0a        0x0 j:/dsdev/devkitarm/bin/../lib/gcc/arm-eabi/4.1.1/../../../../arm-eabi/lib/thumb\libg.a(lib_a-memcpy.o)
 .bss           0x02014c0a        0x0 j:/dsdev/devkitarm/bin/../lib/gcc/arm-eabi/4.1.1/../../../../arm-eabi/lib/thumb\libg.a(lib_a-printf.o)
 .bss           0x02014c0a        0x0 j:/dsdev/devkitarm/bin/../lib/gcc/arm-eabi/4.1.1/../../../../arm-eabi/lib/thumb\libg.a(lib_a-putchar.o)
 .bss           0x02014c0a        0x0 j:/dsdev/devkitarm/bin/../lib/gcc/arm-eabi/4.1.1/../../../../arm-eabi/lib/thumb\libg.a(lib_a-puts.o)
 .bss           0x02014c0a        0x0 j:/dsdev/devkitarm/bin/../lib/gcc/arm-eabi/4.1.1/../../../../arm-eabi/lib/thumb\libg.a(lib_a-rand.o)
 .bss           0x02014c0a        0x0 j:/dsdev/devkitarm/bin/../lib/gcc/arm-eabi/4.1.1/../../../../arm-eabi/lib/thumb\libg.a(lib_a-setvbuf.o)
 .bss           0x02014c0a        0x0 j:/dsdev/devkitarm/bin/../lib/gcc/arm-eabi/4.1.1/../../../../arm-eabi/lib/thumb\libg.a(lib_a-siscanf.o)
 .bss           0x02014c0a        0x0 j:/dsdev/devkitarm/bin/../lib/gcc/arm-eabi/4.1.1/../../../../arm-eabi/lib/thumb\libg.a(lib_a-strlen.o)
 .bss           0x02014c0a        0x0 j:/dsdev/devkitarm/bin/../lib/gcc/arm-eabi/4.1.1/../../../../arm-eabi/lib/thumb\libg.a(lib_a-vfiprintf.o)
 .bss           0x02014c0a        0x0 j:/dsdev/devkitarm/bin/../lib/gcc/arm-eabi/4.1.1/../../../../arm-eabi/lib/thumb\libg.a(lib_a-vfiscanf.o)
 .bss           0x02014c0a        0x0 j:/dsdev/devkitarm/bin/../lib/gcc/arm-eabi/4.1.1/../../../../arm-eabi/lib/thumb\libg.a(lib_a-vfprintf.o)
 .bss           0x02014c0a        0x0 j:/dsdev/devkitarm/bin/../lib/gcc/arm-eabi/4.1.1/../../../../arm-eabi/lib/thumb\libg.a(lib_a-wcrtomb.o)
 .bss           0x02014c0a        0x0 j:/dsdev/devkitarm/bin/../lib/gcc/arm-eabi/4.1.1/../../../../arm-eabi/lib/thumb\libg.a(lib_a-wcsrtombs.o)
 .bss           0x02014c0a        0x0 j:/dsdev/devkitarm/bin/../lib/gcc/arm-eabi/4.1.1/../../../../arm-eabi/lib/thumb\libg.a(lib_a-wctomb_r.o)
 .bss           0x02014c0a        0x0 j:/dsdev/devkitarm/bin/../lib/gcc/arm-eabi/4.1.1/../../../../arm-eabi/lib/thumb\libg.a(lib_a-wsetup.o)
 .bss           0x02014c0a        0x0 j:/dsdev/devkitarm/bin/../lib/gcc/arm-eabi/4.1.1/../../../../arm-eabi/lib/thumb\libg.a(lib_a-ctype_.o)
 .bss           0x02014c0a        0x0 j:/dsdev/devkitarm/bin/../lib/gcc/arm-eabi/4.1.1/../../../../arm-eabi/lib/thumb\libg.a(lib_a-dtoa.o)
 .bss           0x02014c0a        0x0 j:/dsdev/devkitarm/bin/../lib/gcc/arm-eabi/4.1.1/../../../../arm-eabi/lib/thumb\libg.a(lib_a-fflush.o)
 .bss           0x02014c0a        0x0 j:/dsdev/devkitarm/bin/../lib/gcc/arm-eabi/4.1.1/../../../../arm-eabi/lib/thumb\libg.a(lib_a-findfp.o)
 .bss           0x02014c0a        0x0 j:/dsdev/devkitarm/bin/../lib/gcc/arm-eabi/4.1.1/../../../../arm-eabi/lib/thumb\libg.a(lib_a-fread.o)
 .bss           0x02014c0a        0x0 j:/dsdev/devkitarm/bin/../lib/gcc/arm-eabi/4.1.1/../../../../arm-eabi/lib/thumb\libg.a(lib_a-freer.o)
 .bss           0x02014c0a        0x0 j:/dsdev/devkitarm/bin/../lib/gcc/arm-eabi/4.1.1/../../../../arm-eabi/lib/thumb\libg.a(lib_a-fvwrite.o)
 .bss           0x02014c0a        0x0 j:/dsdev/devkitarm/bin/../lib/gcc/arm-eabi/4.1.1/../../../../arm-eabi/lib/thumb\libg.a(lib_a-fwalk.o)
 .bss           0x02014c0a        0x0 j:/dsdev/devkitarm/bin/../lib/gcc/arm-eabi/4.1.1/../../../../arm-eabi/lib/thumb\libg.a(lib_a-iswspace.o)
 *fill*         0x02014c0a        0x2 00
 .bss           0x02014c0c        0xc j:/dsdev/devkitarm/bin/../lib/gcc/arm-eabi/4.1.1/../../../../arm-eabi/lib/thumb\libg.a(lib_a-locale.o)
                0x02014c0c                __nlocale_changed
                0x02014c10                __mlocale_changed
                0x02014c14                _PathLocale
 .bss           0x02014c18        0x0 j:/dsdev/devkitarm/bin/../lib/gcc/arm-eabi/4.1.1/../../../../arm-eabi/lib/thumb\libg.a(lib_a-makebuf.o)
 .bss           0x02014c18        0x0 j:/dsdev/devkitarm/bin/../lib/gcc/arm-eabi/4.1.1/../../../../arm-eabi/lib/thumb\libg.a(lib_a-malloc.o)
 .bss           0x02014c18       0x34 j:/dsdev/devkitarm/bin/../lib/gcc/arm-eabi/4.1.1/../../../../arm-eabi/lib/thumb\libg.a(lib_a-mallocr.o)
                0x02014c18                __malloc_top_pad
                0x02014c1c                __malloc_max_sbrked_mem
                0x02014c24                __malloc_current_mallinfo
                0x02014c20                __malloc_max_total_mem
 .bss           0x02014c4c        0x0 j:/dsdev/devkitarm/bin/../lib/gcc/arm-eabi/4.1.1/../../../../arm-eabi/lib/thumb\libg.a(lib_a-mbrtowc.o)
 .bss           0x02014c4c        0x0 j:/dsdev/devkitarm/bin/../lib/gcc/arm-eabi/4.1.1/../../../../arm-eabi/lib/thumb\libg.a(lib_a-mbtowc_r.o)
 .bss           0x02014c4c        0x0 j:/dsdev/devkitarm/bin/../lib/gcc/arm-eabi/4.1.1/../../../../arm-eabi/lib/thumb\libg.a(lib_a-memchr.o)
 .bss           0x02014c4c        0x0 j:/dsdev/devkitarm/bin/../lib/gcc/arm-eabi/4.1.1/../../../../arm-eabi/lib/thumb\libg.a(lib_a-memmove.o)
 .bss           0x02014c4c        0x0 j:/dsdev/devkitarm/bin/../lib/gcc/arm-eabi/4.1.1/../../../../arm-eabi/lib/thumb\libg.a(lib_a-memset.o)
 .bss           0x02014c4c        0x0 j:/dsdev/devkitarm/bin/../lib/gcc/arm-eabi/4.1.1/../../../../arm-eabi/lib/thumb\libg.a(lib_a-mlock.o)
 .bss           0x02014c4c        0x0 j:/dsdev/devkitarm/bin/../lib/gcc/arm-eabi/4.1.1/../../../../arm-eabi/lib/thumb\libg.a(lib_a-mprec.o)
 .bss           0x02014c4c        0x0 j:/dsdev/devkitarm/bin/../lib/gcc/arm-eabi/4.1.1/../../../../arm-eabi/lib/thumb\libg.a(lib_a-putc.o)
 .bss           0x02014c4c        0x0 j:/dsdev/devkitarm/bin/../lib/gcc/arm-eabi/4.1.1/../../../../arm-eabi/lib/thumb\libg.a(lib_a-reallocr.o)
 .bss           0x02014c4c        0x0 j:/dsdev/devkitarm/bin/../lib/gcc/arm-eabi/4.1.1/../../../../arm-eabi/lib/thumb\libg.a(lib_a-refill.o)
 .bss           0x02014c4c        0x0 j:/dsdev/devkitarm/bin/../lib/gcc/arm-eabi/4.1.1/../../../../arm-eabi/lib/thumb\libg.a(lib_a-s_isinfd.o)
 .bss           0x02014c4c        0x0 j:/dsdev/devkitarm/bin/../lib/gcc/arm-eabi/4.1.1/../../../../arm-eabi/lib/thumb\libg.a(lib_a-s_isnand.o)
 .bss           0x02014c4c        0x0 j:/dsdev/devkitarm/bin/../lib/gcc/arm-eabi/4.1.1/../../../../arm-eabi/lib/thumb\libg.a(lib_a-sbrkr.o)
 .bss           0x02014c4c        0x0 j:/dsdev/devkitarm/bin/../lib/gcc/arm-eabi/4.1.1/../../../../arm-eabi/lib/thumb\libg.a(lib_a-sccl.o)
 .bss           0x02014c4c        0x0 j:/dsdev/devkitarm/bin/../lib/gcc/arm-eabi/4.1.1/../../../../arm-eabi/lib/thumb\libg.a(lib_a-stdio.o)
 .bss           0x02014c4c        0x0 j:/dsdev/devkitarm/bin/../lib/gcc/arm-eabi/4.1.1/../../../../arm-eabi/lib/thumb\libg.a(lib_a-strcmp.o)
 .bss           0x02014c4c        0x0 j:/dsdev/devkitarm/bin/../lib/gcc/arm-eabi/4.1.1/../../../../arm-eabi/lib/thumb\libg.a(lib_a-strtol.o)
 .bss           0x02014c4c        0x0 j:/dsdev/devkitarm/bin/../lib/gcc/arm-eabi/4.1.1/../../../../arm-eabi/lib/thumb\libg.a(lib_a-strtoul.o)
 .bss           0x02014c4c        0x0 j:/dsdev/devkitarm/bin/../lib/gcc/arm-eabi/4.1.1/../../../../arm-eabi/lib/thumb\libg.a(lib_a-ungetc.o)
 .bss           0x02014c4c        0x0 j:/dsdev/devkitarm/bin/../lib/gcc/arm-eabi/4.1.1/../../../../arm-eabi/lib/thumb\libg.a(lib_a-wbuf.o)
 .bss           0x02014c4c        0x0 j:/dsdev/devkitarm/bin/../lib/gcc/arm-eabi/4.1.1/../../../../arm-eabi/lib/thumb\libg.a(lib_a-writer.o)
 .bss           0x02014c4c        0x0 j:/dsdev/devkitarm/bin/../lib/gcc/arm-eabi/4.1.1/../../../../arm-eabi/lib/thumb\libg.a(lib_a-callocr.o)
 .bss           0x02014c4c        0x0 j:/dsdev/devkitarm/bin/../lib/gcc/arm-eabi/4.1.1/../../../../arm-eabi/lib/thumb\libg.a(lib_a-closer.o)
 .bss           0x02014c4c        0x0 j:/dsdev/devkitarm/bin/../lib/gcc/arm-eabi/4.1.1/../../../../arm-eabi/lib/thumb\libg.a(lib_a-fclose.o)
 .bss           0x02014c4c        0x0 j:/dsdev/devkitarm/bin/../lib/gcc/arm-eabi/4.1.1/../../../../arm-eabi/lib/thumb\libg.a(lib_a-fstatr.o)
 .bss           0x02014c4c        0x0 j:/dsdev/devkitarm/bin/../lib/gcc/arm-eabi/4.1.1/../../../../arm-eabi/lib/thumb\libg.a(lib_a-lseekr.o)
 .bss           0x02014c4c        0x0 j:/dsdev/devkitarm/bin/../lib/gcc/arm-eabi/4.1.1/../../../../arm-eabi/lib/thumb\libg.a(lib_a-readr.o)
 .bss           0x02014c4c        0x0 j:/dsdev/devkitarm/bin/../lib/gcc/arm-eabi/4.1.1/../../../../arm-eabi/lib/thumb\libg.a(lib_a-reent.o)
 .bss           0x02014c4c        0x0 j:/dsdev/devkitarm/bin/../lib/gcc/arm-eabi/4.1.1/thumb\libgcc.a(_addsubdf3.o)
 .bss           0x02014c4c        0x0 j:/dsdev/devkitarm/bin/../lib/gcc/arm-eabi/4.1.1/thumb\libgcc.a(_muldivdf3.o)
 .bss           0x02014c4c        0x0 j:/dsdev/devkitarm/bin/../lib/gcc/arm-eabi/4.1.1/thumb\libgcc.a(_cmpdf2.o)
 .bss           0x02014c4c        0x0 j:/dsdev/devkitarm/bin/../lib/gcc/arm-eabi/4.1.1/thumb\libgcc.a(_fixdfsi.o)
 .bss           0x02014c4c        0x0 j:/dsdev/devkitarm/bin/../lib/gcc/arm-eabi/4.1.1/thumb\libgcc.a(_muldi3.o)
 .bss           0x02014c4c        0x0 j:/dsdev/devkitarm/bin/../lib/gcc/arm-eabi/4.1.1/../../../../arm-eabi/lib/thumb\libsysbase.a(iosupport.o)
 .bss           0x02014c4c        0x0 j:/dsdev/devkitarm/bin/../lib/gcc/arm-eabi/4.1.1/../../../../arm-eabi/lib/thumb\libsysbase.a(close.o)
 .bss           0x02014c4c        0x0 j:/dsdev/devkitarm/bin/../lib/gcc/arm-eabi/4.1.1/../../../../arm-eabi/lib/thumb\libsysbase.a(fstat.o)
 .bss           0x02014c4c        0x0 j:/dsdev/devkitarm/bin/../lib/gcc/arm-eabi/4.1.1/../../../../arm-eabi/lib/thumb\libsysbase.a(isatty.o)
 .bss           0x02014c4c        0x0 j:/dsdev/devkitarm/bin/../lib/gcc/arm-eabi/4.1.1/../../../../arm-eabi/lib/thumb\libsysbase.a(lseek.o)
 .bss           0x02014c4c        0x0 j:/dsdev/devkitarm/bin/../lib/gcc/arm-eabi/4.1.1/../../../../arm-eabi/lib/thumb\libsysbase.a(read.o)
 .bss           0x02014c4c        0x4 j:/dsdev/devkitarm/bin/../lib/gcc/arm-eabi/4.1.1/../../../../arm-eabi/lib/thumb\libsysbase.a(sbrk.o)
 .bss           0x02014c50        0x0 j:/dsdev/devkitarm/bin/../lib/gcc/arm-eabi/4.1.1/../../../../arm-eabi/lib/thumb\libsysbase.a(write.o)
 .bss           0x02014c50        0x8 j:/dsdev/devkitarm/bin/../lib/gcc/arm-eabi/4.1.1/../../../../arm-eabi/lib/thumb\libsysbase.a(malloc_vars.o)
                0x02014c54                fake_heap_start
                0x02014c50                fake_heap_end
 .bss           0x02014c58        0x0 j:/dsdev/devkitarm/bin/../lib/gcc/arm-eabi/4.1.1/../../../../arm-eabi/lib/thumb\libc.a(lib_a-strncmp.o)
 .bss           0x02014c58        0x0 j:/dsdev/devkitarm/bin/../lib/gcc/arm-eabi/4.1.1/thumb/crtend.o
 .bss           0x02014c58        0x0 j:/dsdev/devkitarm/bin/../lib/gcc/arm-eabi/4.1.1/thumb/crtn.o
 *(COMMON)
 COMMON         0x02014c58        0x4 j:/dsdev/devkitarm/bin/../lib/gcc/arm-eabi/4.1.1/../../../../arm-eabi/lib/thumb\libg.a(lib_a-reent.o)
                0x02014c58                errno
                0x02014c5c                . = ALIGN (0x4)
                0x02014c5c                __bss_end = <code 342> (.)
                0x02014c5c                __bss_end__ = __bss_end
                0x02014c5c                _end = .
                0x02014c5c                __end__ = .
                0x02014c5c                PROVIDE (end, _end)

.stab
 *(.stab)

.stabstr
 *(.stabstr)

.stab.excl
 *(.stab.excl)

.stab.exclstr
 *(.stab.exclstr)

.stab.index
 *(.stab.index)

.stab.indexstr
 *(.stab.indexstr)

.comment        0x00000000      0xc2c
 *(.comment)
 .comment       0x00000000       0x29 j:/dsdev/devkitarm/bin/../lib/gcc/arm-eabi/4.1.1/thumb/crtbegin.o
 .comment       0x00000029       0x29 arm9_main.o
 .comment       0x00000052       0x29 j:/dsdev/libnds/lib\libnds9.a(console.o)
 .comment       0x0000007b       0x29 j:/dsdev/libnds/lib\libnds9.a(keys.o)
 .comment       0x000000a4       0x29 j:/dsdev/libnds/lib\libnds9.a(video.o)
 .comment       0x000000cd       0x29 j:/dsdev/devkitarm/bin/../lib/gcc/arm-eabi/4.1.1/../../../../arm-eabi/lib/thumb\libg.a(lib_a-impure.o)
 .comment       0x000000f6       0x29 j:/dsdev/devkitarm/bin/../lib/gcc/arm-eabi/4.1.1/../../../../arm-eabi/lib/thumb\libg.a(lib_a-init.o)
 .comment       0x0000011f       0x29 j:/dsdev/devkitarm/bin/../lib/gcc/arm-eabi/4.1.1/../../../../arm-eabi/lib/thumb\libg.a(lib_a-iprintf.o)
 .comment       0x00000148       0x29 j:/dsdev/devkitarm/bin/../lib/gcc/arm-eabi/4.1.1/../../../../arm-eabi/lib/thumb\libg.a(lib_a-memcpy.o)
 .comment       0x00000171       0x29 j:/dsdev/devkitarm/bin/../lib/gcc/arm-eabi/4.1.1/../../../../arm-eabi/lib/thumb\libg.a(lib_a-printf.o)
 .comment       0x0000019a       0x29 j:/dsdev/devkitarm/bin/../lib/gcc/arm-eabi/4.1.1/../../../../arm-eabi/lib/thumb\libg.a(lib_a-putchar.o)
 .comment       0x000001c3       0x29 j:/dsdev/devkitarm/bin/../lib/gcc/arm-eabi/4.1.1/../../../../arm-eabi/lib/thumb\libg.a(lib_a-puts.o)
 .comment       0x000001ec       0x29 j:/dsdev/devkitarm/bin/../lib/gcc/arm-eabi/4.1.1/../../../../arm-eabi/lib/thumb\libg.a(lib_a-rand.o)
 .comment       0x00000215       0x29 j:/dsdev/devkitarm/bin/../lib/gcc/arm-eabi/4.1.1/../../../../arm-eabi/lib/thumb\libg.a(lib_a-setvbuf.o)
 .comment       0x0000023e       0x29 j:/dsdev/devkitarm/bin/../lib/gcc/arm-eabi/4.1.1/../../../../arm-eabi/lib/thumb\libg.a(lib_a-siscanf.o)
 .comment       0x00000267       0x29 j:/dsdev/devkitarm/bin/../lib/gcc/arm-eabi/4.1.1/../../../../arm-eabi/lib/thumb\libg.a(lib_a-strlen.o)
 .comment       0x00000290       0x29 j:/dsdev/devkitarm/bin/../lib/gcc/arm-eabi/4.1.1/../../../../arm-eabi/lib/thumb\libg.a(lib_a-vfiprintf.o)
 .comment       0x000002b9       0x29 j:/dsdev/devkitarm/bin/../lib/gcc/arm-eabi/4.1.1/../../../../arm-eabi/lib/thumb\libg.a(lib_a-vfiscanf.o)
 .comment       0x000002e2       0x29 j:/dsdev/devkitarm/bin/../lib/gcc/arm-eabi/4.1.1/../../../../arm-eabi/lib/thumb\libg.a(lib_a-vfprintf.o)
 .comment       0x0000030b       0x29 j:/dsdev/devkitarm/bin/../lib/gcc/arm-eabi/4.1.1/../../../../arm-eabi/lib/thumb\libg.a(lib_a-wcrtomb.o)
 .comment       0x00000334       0x29 j:/dsdev/devkitarm/bin/../lib/gcc/arm-eabi/4.1.1/../../../../arm-eabi/lib/thumb\libg.a(lib_a-wcsrtombs.o)
 .comment       0x0000035d       0x29 j:/dsdev/devkitarm/bin/../lib/gcc/arm-eabi/4.1.1/../../../../arm-eabi/lib/thumb\libg.a(lib_a-wctomb_r.o)
 .comment       0x00000386       0x29 j:/dsdev/devkitarm/bin/../lib/gcc/arm-eabi/4.1.1/../../../../arm-eabi/lib/thumb\libg.a(lib_a-wsetup.o)